/home/ubuntu/SAFA_ECC_Core_Clean/SAFA_ECC_Core.csproj : warning NU1903: Package 'System.Data.SqlClient' 4.8.5 has a known high severity vulnerability, https://github.com/advisories/GHSA-98g6-xh36-x2p7
/home/ubuntu/SAFA_ECC_Core_Clean/SAFA_ECC_Core.csproj : warning NU1903: Package 'System.Data.SqlClient' 4.8.5 has a known high severity vulnerability, https://github.com/advisories/GHSA-98g6-xh36-x2p7
/home/ubuntu/SAFA_ECC_Core_Clean/Controllers/AdminController.cs(99,50): error CS0246: The type or namespace name 'AddUserViewModel' could not be found (are you missing a using directive or an assembly reference?) [/home/ubuntu/SAFA_ECC_Core_Clean/SAFA_ECC_Core.csproj]
/home/ubuntu/SAFA_ECC_Core_Clean/Controllers/AdminController.cs(187,51): error CS0246: The type or namespace name 'EditUserViewModel' could not be found (are you missing a using directive or an assembly reference?) [/home/ubuntu/SAFA_ECC_Core_Clean/SAFA_ECC_Core.csproj]
/home/ubuntu/SAFA_ECC_Core_Clean/Controllers/AdminController.cs(276,51): error CS0246: The type or namespace name 'AddGroupViewModel' could not be found (are you missing a using directive or an assembly reference?) [/home/ubuntu/SAFA_ECC_Core_Clean/SAFA_ECC_Core.csproj]
/home/ubuntu/SAFA_ECC_Core_Clean/Controllers/AdminController.cs(352,64): error CS0246: The type or namespace name 'AddPasswordPolicyViewModel' could not be found (are you missing a using directive or an assembly reference?) [/home/ubuntu/SAFA_ECC_Core_Clean/SAFA_ECC_Core.csproj]
/home/ubuntu/SAFA_ECC_Core_Clean/Views/Inward/ADDEmail.cshtml(1,33): error CS0234: The type or namespace name 'Inward' does not exist in the namespace 'SAFA_ECC_Core.ViewModels' (are you missing an assembly reference?) [/home/ubuntu/SAFA_ECC_Core_Clean/SAFA_ECC_Core.csproj]
/home/ubuntu/SAFA_ECC_Core_Clean/obj/Debug/net8.0/Microsoft.CodeAnalysis.Razor.Compiler/Microsoft.NET.Sdk.Razor.SourceGenerators.RazorSourceGenerator/Views_PDC_Authrization_code_cshtml.g.cs(38,106): error CS0246: The type or namespace name 'AuthrizationCodeViewModel' could not be found (are you missing a using directive or an assembly reference?) [/home/ubuntu/SAFA_ECC_Core_Clean/SAFA_ECC_Core.csproj]
/home/ubuntu/SAFA_ECC_Core_Clean/obj/Debug/net8.0/Microsoft.CodeAnalysis.Razor.Compiler/Microsoft.NET.Sdk.Razor.SourceGenerators.RazorSourceGenerator/Views_Inward_PMADataVerification_cshtml.g.cs(38,111): error CS0246: The type or namespace name 'PMADataVerificationViewModel' could not be found (are you missing a using directive or an assembly reference?) [/home/ubuntu/SAFA_ECC_Core_Clean/SAFA_ECC_Core.csproj]
/home/ubuntu/SAFA_ECC_Core_Clean/obj/Debug/net8.0/Microsoft.CodeAnalysis.Razor.Compiler/Microsoft.NET.Sdk.Razor.SourceGenerators.RazorSourceGenerator/Views_PDC_Authrization_code_cshtml.g.cs(405,71): error CS0246: The type or namespace name 'AuthrizationCodeViewModel' could not be found (are you missing a using directive or an assembly reference?) [/home/ubuntu/SAFA_ECC_Core_Clean/SAFA_ECC_Core.csproj]
/home/ubuntu/SAFA_ECC_Core_Clean/obj/Debug/net8.0/Microsoft.CodeAnalysis.Razor.Compiler/Microsoft.NET.Sdk.Razor.SourceGenerators.RazorSourceGenerator/Views_Inward_PMADataVerification_cshtml.g.cs(716,71): error CS0246: The type or namespace name 'PMADataVerificationViewModel' could not be found (are you missing a using directive or an assembly reference?) [/home/ubuntu/SAFA_ECC_Core_Clean/SAFA_ECC_Core.csproj]
/home/ubuntu/SAFA_ECC_Core_Clean/obj/Debug/net8.0/Microsoft.CodeAnalysis.Razor.Compiler/Microsoft.NET.Sdk.Razor.SourceGenerators.RazorSourceGenerator/Views_Admin_Addgroup_cshtml.g.cs(32,124): error CS0234: The type or namespace name 'AddGroupViewModel' does not exist in the namespace 'SAFA_ECC_Core.ViewModels' (are you missing an assembly reference?) [/home/ubuntu/SAFA_ECC_Core_Clean/SAFA_ECC_Core.csproj]
/home/ubuntu/SAFA_ECC_Core_Clean/obj/Debug/net8.0/Microsoft.CodeAnalysis.Razor.Compiler/Microsoft.NET.Sdk.Razor.SourceGenerators.RazorSourceGenerator/Views_Admin_Addgroup_cshtml.g.cs(780,96): error CS0234: The type or namespace name 'AddGroupViewModel' does not exist in the namespace 'SAFA_ECC_Core.ViewModels' (are you missing an assembly reference?) [/home/ubuntu/SAFA_ECC_Core_Clean/SAFA_ECC_Core.csproj]
/home/ubuntu/SAFA_ECC_Core_Clean/obj/Debug/net8.0/Microsoft.CodeAnalysis.Razor.Compiler/Microsoft.NET.Sdk.Razor.SourceGenerators.RazorSourceGenerator/Views_Commissions_Index_cshtml.g.cs(32,127): error CS0234: The type or namespace name 'CommissionsIndexViewModel' does not exist in the namespace 'SAFA_ECC_Core.ViewModels' (are you missing an assembly reference?) [/home/ubuntu/SAFA_ECC_Core_Clean/SAFA_ECC_Core.csproj]
/home/ubuntu/SAFA_ECC_Core_Clean/obj/Debug/net8.0/Microsoft.CodeAnalysis.Razor.Compiler/Microsoft.NET.Sdk.Razor.SourceGenerators.RazorSourceGenerator/Views_PDC_CHQ_STATUS_cshtml.g.cs(38,99): error CS0246: The type or namespace name 'PDCCHQStatusViewModel' could not be found (are you missing a using directive or an assembly reference?) [/home/ubuntu/SAFA_ECC_Core_Clean/SAFA_ECC_Core.csproj]
/home/ubuntu/SAFA_ECC_Core_Clean/obj/Debug/net8.0/Microsoft.CodeAnalysis.Razor.Compiler/Microsoft.NET.Sdk.Razor.SourceGenerators.RazorSourceGenerator/Views_Admin_AddUser_cshtml.g.cs(38,98): error CS0246: The type or namespace name 'AddUserViewModel' could not be found (are you missing a using directive or an assembly reference?) [/home/ubuntu/SAFA_ECC_Core_Clean/SAFA_ECC_Core.csproj]
/home/ubuntu/SAFA_ECC_Core_Clean/obj/Debug/net8.0/Microsoft.CodeAnalysis.Razor.Compiler/Microsoft.NET.Sdk.Razor.SourceGenerators.RazorSourceGenerator/Views_Inward_PMA_DATAVerficationDetails_cshtml.g.cs(38,118): error CS0246: The type or namespace name 'PMA_DATAVerficationDetailsViewModel' could not be found (are you missing a using directive or an assembly reference?) [/home/ubuntu/SAFA_ECC_Core_Clean/SAFA_ECC_Core.csproj]
/home/ubuntu/SAFA_ECC_Core_Clean/obj/Debug/net8.0/Microsoft.CodeAnalysis.Razor.Compiler/Microsoft.NET.Sdk.Razor.SourceGenerators.RazorSourceGenerator/Views_PDC_CHQ_STATUS_cshtml.g.cs(339,71): error CS0246: The type or namespace name 'PDCCHQStatusViewModel' could not be found (are you missing a using directive or an assembly reference?) [/home/ubuntu/SAFA_ECC_Core_Clean/SAFA_ECC_Core.csproj]
/home/ubuntu/SAFA_ECC_Core_Clean/obj/Debug/net8.0/Microsoft.CodeAnalysis.Razor.Compiler/Microsoft.NET.Sdk.Razor.SourceGenerators.RazorSourceGenerator/Views_Inward_PMA_DATAVerficationDetails_cshtml.g.cs(311,71): error CS0246: The type or namespace name 'PMA_DATAVerficationDetailsViewModel' could not be found (are you missing a using directive or an assembly reference?) [/home/ubuntu/SAFA_ECC_Core_Clean/SAFA_ECC_Core.csproj]
/home/ubuntu/SAFA_ECC_Core_Clean/obj/Debug/net8.0/Microsoft.CodeAnalysis.Razor.Compiler/Microsoft.NET.Sdk.Razor.SourceGenerators.RazorSourceGenerator/Views_Inward_PMA_DATAVerficationDetails_OnUS_cshtml.g.cs(38,123): error CS0246: The type or namespace name 'PMA_DATAVerficationDetailsViewModel' could not be found (are you missing a using directive or an assembly reference?) [/home/ubuntu/SAFA_ECC_Core_Clean/SAFA_ECC_Core.csproj]
/home/ubuntu/SAFA_ECC_Core_Clean/obj/Debug/net8.0/Microsoft.CodeAnalysis.Razor.Compiler/Microsoft.NET.Sdk.Razor.SourceGenerators.RazorSourceGenerator/Views_PDC_FaildPostDateVerficationDetails_cshtml.g.cs(38,120): error CS0246: The type or namespace name 'FaildPostDateVerificationDetailsViewModel' could not be found (are you missing a using directive or an assembly reference?) [/home/ubuntu/SAFA_ECC_Core_Clean/SAFA_ECC_Core.csproj]
/home/ubuntu/SAFA_ECC_Core_Clean/obj/Debug/net8.0/Microsoft.CodeAnalysis.Razor.Compiler/Microsoft.NET.Sdk.Razor.SourceGenerators.RazorSourceGenerator/Views_PDC_FaildPostDateVerficationDetails_Auth_cshtml.g.cs(38,125): error CS0246: The type or namespace name 'FaildPostDateVerficationDetailsViewModel' could not be found (are you missing a using directive or an assembly reference?) [/home/ubuntu/SAFA_ECC_Core_Clean/SAFA_ECC_Core.csproj]
/home/ubuntu/SAFA_ECC_Core_Clean/obj/Debug/net8.0/Microsoft.CodeAnalysis.Razor.Compiler/Microsoft.NET.Sdk.Razor.SourceGenerators.RazorSourceGenerator/Views_Inward_PMA_DATAVerficationDetails_OnUS_cshtml.g.cs(373,71): error CS0246: The type or namespace name 'PMA_DATAVerficationDetailsViewModel' could not be found (are you missing a using directive or an assembly reference?) [/home/ubuntu/SAFA_ECC_Core_Clean/SAFA_ECC_Core.csproj]
/home/ubuntu/SAFA_ECC_Core_Clean/obj/Debug/net8.0/Microsoft.CodeAnalysis.Razor.Compiler/Microsoft.NET.Sdk.Razor.SourceGenerators.RazorSourceGenerator/Views_PDC_FaildPostDateVerficationDetails_cshtml.g.cs(260,71): error CS0246: The type or namespace name 'FaildPostDateVerificationDetailsViewModel' could not be found (are you missing a using directive or an assembly reference?) [/home/ubuntu/SAFA_ECC_Core_Clean/SAFA_ECC_Core.csproj]
/home/ubuntu/SAFA_ECC_Core_Clean/obj/Debug/net8.0/Microsoft.CodeAnalysis.Razor.Compiler/Microsoft.NET.Sdk.Razor.SourceGenerators.RazorSourceGenerator/Views_Admin_AddUser_cshtml.g.cs(613,71): error CS0246: The type or namespace name 'AddUserViewModel' could not be found (are you missing a using directive or an assembly reference?) [/home/ubuntu/SAFA_ECC_Core_Clean/SAFA_ECC_Core.csproj]
/home/ubuntu/SAFA_ECC_Core_Clean/obj/Debug/net8.0/Microsoft.CodeAnalysis.Razor.Compiler/Microsoft.NET.Sdk.Razor.SourceGenerators.RazorSourceGenerator/Views_PDC_Outward_Parameter_cshtml.g.cs(38,106): error CS0246: The type or namespace name 'OutwardParameterViewModel' could not be found (are you missing a using directive or an assembly reference?) [/home/ubuntu/SAFA_ECC_Core_Clean/SAFA_ECC_Core.csproj]
/home/ubuntu/SAFA_ECC_Core_Clean/obj/Debug/net8.0/Microsoft.CodeAnalysis.Razor.Compiler/Microsoft.NET.Sdk.Razor.SourceGenerators.RazorSourceGenerator/Views_PDC_Outward_Parameter_cshtml.g.cs(534,71): error CS0246: The type or namespace name 'OutwardParameterViewModel' could not be found (are you missing a using directive or an assembly reference?) [/home/ubuntu/SAFA_ECC_Core_Clean/SAFA_ECC_Core.csproj]
/home/ubuntu/SAFA_ECC_Core_Clean/obj/Debug/net8.0/Microsoft.CodeAnalysis.Razor.Compiler/Microsoft.NET.Sdk.Razor.SourceGenerators.RazorSourceGenerator/Views_Admin_dataExport_cshtml.g.cs(38,101): error CS0246: The type or namespace name 'DataExportViewModel' could not be found (are you missing a using directive or an assembly reference?) [/home/ubuntu/SAFA_ECC_Core_Clean/SAFA_ECC_Core.csproj]
/home/ubuntu/SAFA_ECC_Core_Clean/obj/Debug/net8.0/Microsoft.CodeAnalysis.Razor.Compiler/Microsoft.NET.Sdk.Razor.SourceGenerators.RazorSourceGenerator/Views_Admin_dataExport_cshtml.g.cs(400,71): error CS0246: The type or namespace name 'DataExportViewModel' could not be found (are you missing a using directive or an assembly reference?) [/home/ubuntu/SAFA_ECC_Core_Clean/SAFA_ECC_Core.csproj]
/home/ubuntu/SAFA_ECC_Core_Clean/obj/Debug/net8.0/Microsoft.CodeAnalysis.Razor.Compiler/Microsoft.NET.Sdk.Razor.SourceGenerators.RazorSourceGenerator/Views_PDC_PDCCheques_cshtml.g.cs(38,99): error CS0246: The type or namespace name 'ChequesViewModel' could not be found (are you missing a using directive or an assembly reference?) [/home/ubuntu/SAFA_ECC_Core_Clean/SAFA_ECC_Core.csproj]
/home/ubuntu/SAFA_ECC_Core_Clean/obj/Debug/net8.0/Microsoft.CodeAnalysis.Razor.Compiler/Microsoft.NET.Sdk.Razor.SourceGenerators.RazorSourceGenerator/Views_Admin_editgroup_cshtml.g.cs(32,125): error CS0234: The type or namespace name 'EditGroupViewModel' does not exist in the namespace 'SAFA_ECC_Core.ViewModels' (are you missing an assembly reference?) [/home/ubuntu/SAFA_ECC_Core_Clean/SAFA_ECC_Core.csproj]
/home/ubuntu/SAFA_ECC_Core_Clean/obj/Debug/net8.0/Microsoft.CodeAnalysis.Razor.Compiler/Microsoft.NET.Sdk.Razor.SourceGenerators.RazorSourceGenerator/Views_PDC_PDCCheques_cshtml.g.cs(271,71): error CS0246: The type or namespace name 'ChequesViewModel' could not be found (are you missing a using directive or an assembly reference?) [/home/ubuntu/SAFA_ECC_Core_Clean/SAFA_ECC_Core.csproj]
/home/ubuntu/SAFA_ECC_Core_Clean/obj/Debug/net8.0/Microsoft.CodeAnalysis.Razor.Compiler/Microsoft.NET.Sdk.Razor.SourceGenerators.RazorSourceGenerator/Views_Admin_editgroup_cshtml.g.cs(365,96): error CS0234: The type or namespace name 'EditGroupViewModel' does not exist in the namespace 'SAFA_ECC_Core.ViewModels' (are you missing an assembly reference?) [/home/ubuntu/SAFA_ECC_Core_Clean/SAFA_ECC_Core.csproj]
/home/ubuntu/SAFA_ECC_Core_Clean/obj/Debug/net8.0/Microsoft.CodeAnalysis.Razor.Compiler/Microsoft.NET.Sdk.Razor.SourceGenerators.RazorSourceGenerator/Views_Admin_reportGeneration_cshtml.g.cs(38,107): error CS0246: The type or namespace name 'ReportGenerationViewModel' could not be found (are you missing a using directive or an assembly reference?) [/home/ubuntu/SAFA_ECC_Core_Clean/SAFA_ECC_Core.csproj]
/home/ubuntu/SAFA_ECC_Core_Clean/obj/Debug/net8.0/Microsoft.CodeAnalysis.Razor.Compiler/Microsoft.NET.Sdk.Razor.SourceGenerators.RazorSourceGenerator/Views_Admin_EditUser_cshtml.g.cs(32,124): error CS0234: The type or namespace name 'EditUserViewModel' does not exist in the namespace 'SAFA_ECC_Core.ViewModels' (are you missing an assembly reference?) [/home/ubuntu/SAFA_ECC_Core_Clean/SAFA_ECC_Core.csproj]
/home/ubuntu/SAFA_ECC_Core_Clean/obj/Debug/net8.0/Microsoft.CodeAnalysis.Razor.Compiler/Microsoft.NET.Sdk.Razor.SourceGenerators.RazorSourceGenerator/Views_Admin_EditUser_cshtml.g.cs(705,96): error CS0234: The type or namespace name 'EditUserViewModel' does not exist in the namespace 'SAFA_ECC_Core.ViewModels' (are you missing an assembly reference?) [/home/ubuntu/SAFA_ECC_Core_Clean/SAFA_ECC_Core.csproj]
/home/ubuntu/SAFA_ECC_Core_Clean/obj/Debug/net8.0/Microsoft.CodeAnalysis.Razor.Compiler/Microsoft.NET.Sdk.Razor.SourceGenerators.RazorSourceGenerator/Views_Admin_reportGeneration_cshtml.g.cs(492,71): error CS0246: The type or namespace name 'ReportGenerationViewModel' could not be found (are you missing a using directive or an assembly reference?) [/home/ubuntu/SAFA_ECC_Core_Clean/SAFA_ECC_Core.csproj]
/home/ubuntu/SAFA_ECC_Core_Clean/obj/Debug/net8.0/Microsoft.CodeAnalysis.Razor.Compiler/Microsoft.NET.Sdk.Razor.SourceGenerators.RazorSourceGenerator/Views_PDC_PDCCheques_Auth_cshtml.g.cs(38,104): error CS0246: The type or namespace name 'PDCChequesAuthViewModel' could not be found (are you missing a using directive or an assembly reference?) [/home/ubuntu/SAFA_ECC_Core_Clean/SAFA_ECC_Core.csproj]
/home/ubuntu/SAFA_ECC_Core_Clean/obj/Debug/net8.0/Microsoft.CodeAnalysis.Razor.Compiler/Microsoft.NET.Sdk.Razor.SourceGenerators.RazorSourceGenerator/Views_PDC_PDCCheques_Auth_cshtml.g.cs(217,71): error CS0246: The type or namespace name 'PDCChequesAuthViewModel' could not be found (are you missing a using directive or an assembly reference?) [/home/ubuntu/SAFA_ECC_Core_Clean/SAFA_ECC_Core.csproj]
/home/ubuntu/SAFA_ECC_Core_Clean/obj/Debug/net8.0/Microsoft.CodeAnalysis.Razor.Compiler/Microsoft.NET.Sdk.Razor.SourceGenerators.RazorSourceGenerator/Views_Facilities_CUSTOMER_CONCENTRATE_cshtml.g.cs(38,116): error CS0246: The type or namespace name 'CustomerConcentrateViewModel' could not be found (are you missing a using directive or an assembly reference?) [/home/ubuntu/SAFA_ECC_Core_Clean/SAFA_ECC_Core.csproj]
/home/ubuntu/SAFA_ECC_Core_Clean/obj/Debug/net8.0/Microsoft.CodeAnalysis.Razor.Compiler/Microsoft.NET.Sdk.Razor.SourceGenerators.RazorSourceGenerator/Views_Facilities_CUSTOMER_CONCENTRATE_cshtml.g.cs(328,71): error CS0246: The type or namespace name 'CustomerConcentrateViewModel' could not be found (are you missing a using directive or an assembly reference?) [/home/ubuntu/SAFA_ECC_Core_Clean/SAFA_ECC_Core.csproj]
/home/ubuntu/SAFA_ECC_Core_Clean/obj/Debug/net8.0/Microsoft.CodeAnalysis.Razor.Compiler/Microsoft.NET.Sdk.Razor.SourceGenerators.RazorSourceGenerator/Views_Admin_systemMonitoring_cshtml.g.cs(32,132): error CS0234: The type or namespace name 'SystemMonitoringViewModel' does not exist in the namespace 'SAFA_ECC_Core.ViewModels' (are you missing an assembly reference?) [/home/ubuntu/SAFA_ECC_Core_Clean/SAFA_ECC_Core.csproj]
/home/ubuntu/SAFA_ECC_Core_Clean/obj/Debug/net8.0/Microsoft.CodeAnalysis.Razor.Compiler/Microsoft.NET.Sdk.Razor.SourceGenerators.RazorSourceGenerator/Views_Admin_systemMonitoring_cshtml.g.cs(335,96): error CS0234: The type or namespace name 'SystemMonitoringViewModel' does not exist in the namespace 'SAFA_ECC_Core.ViewModels' (are you missing an assembly reference?) [/home/ubuntu/SAFA_ECC_Core_Clean/SAFA_ECC_Core.csproj]
/home/ubuntu/SAFA_ECC_Core_Clean/obj/Debug/net8.0/Microsoft.CodeAnalysis.Razor.Compiler/Microsoft.NET.Sdk.Razor.SourceGenerators.RazorSourceGenerator/Views_Facilities_ReportPage_cshtml.g.cs(38,106): error CS0246: The type or namespace name 'ReportViewModel' could not be found (are you missing a using directive or an assembly reference?) [/home/ubuntu/SAFA_ECC_Core_Clean/SAFA_ECC_Core.csproj]
/home/ubuntu/SAFA_ECC_Core_Clean/obj/Debug/net8.0/Microsoft.CodeAnalysis.Razor.Compiler/Microsoft.NET.Sdk.Razor.SourceGenerators.RazorSourceGenerator/Views_Inward_ReturnInwardStoppedChequeDetails_cshtml.g.cs(38,124): error CS0246: The type or namespace name 'StoppedChequeDetailsViewModel' could not be found (are you missing a using directive or an assembly reference?) [/home/ubuntu/SAFA_ECC_Core_Clean/SAFA_ECC_Core.csproj]
/home/ubuntu/SAFA_ECC_Core_Clean/obj/Debug/net8.0/Microsoft.CodeAnalysis.Razor.Compiler/Microsoft.NET.Sdk.Razor.SourceGenerators.RazorSourceGenerator/Views_Admin_userlist_cshtml.g.cs(38,99): error CS0246: The type or namespace name 'UserListViewModel' could not be found (are you missing a using directive or an assembly reference?) [/home/ubuntu/SAFA_ECC_Core_Clean/SAFA_ECC_Core.csproj]
/home/ubuntu/SAFA_ECC_Core_Clean/obj/Debug/net8.0/Microsoft.CodeAnalysis.Razor.Compiler/Microsoft.NET.Sdk.Razor.SourceGenerators.RazorSourceGenerator/Views_Facilities_ReportPage_cshtml.g.cs(355,71): error CS0246: The type or namespace name 'ReportViewModel' could not be found (are you missing a using directive or an assembly reference?) [/home/ubuntu/SAFA_ECC_Core_Clean/SAFA_ECC_Core.csproj]
/home/ubuntu/SAFA_ECC_Core_Clean/obj/Debug/net8.0/Microsoft.CodeAnalysis.Razor.Compiler/Microsoft.NET.Sdk.Razor.SourceGenerators.RazorSourceGenerator/Views_Inward_ReturnInwardStoppedChequeDetails_cshtml.g.cs(270,71): error CS0246: The type or namespace name 'StoppedChequeDetailsViewModel' could not be found (are you missing a using directive or an assembly reference?) [/home/ubuntu/SAFA_ECC_Core_Clean/SAFA_ECC_Core.csproj]
/home/ubuntu/SAFA_ECC_Core_Clean/obj/Debug/net8.0/Microsoft.CodeAnalysis.Razor.Compiler/Microsoft.NET.Sdk.Razor.SourceGenerators.RazorSourceGenerator/Views_Admin_userlist_cshtml.g.cs(575,71): error CS0246: The type or namespace name 'UserListViewModel' could not be found (are you missing a using directive or an assembly reference?) [/home/ubuntu/SAFA_ECC_Core_Clean/SAFA_ECC_Core.csproj]
/home/ubuntu/SAFA_ECC_Core_Clean/obj/Debug/net8.0/Microsoft.CodeAnalysis.Razor.Compiler/Microsoft.NET.Sdk.Razor.SourceGenerators.RazorSourceGenerator/Views_Financial_User_Financial_Auth_cshtml.g.cs(38,114): error CS0246: The type or namespace name 'UserFinancialAuthViewModel' could not be found (are you missing a using directive or an assembly reference?) [/home/ubuntu/SAFA_ECC_Core_Clean/SAFA_ECC_Core.csproj]
/home/ubuntu/SAFA_ECC_Core_Clean/obj/Debug/net8.0/Microsoft.CodeAnalysis.Razor.Compiler/Microsoft.NET.Sdk.Razor.SourceGenerators.RazorSourceGenerator/Views_Financial_User_Financial_Auth_cshtml.g.cs(757,71): error CS0246: The type or namespace name 'UserFinancialAuthViewModel' could not be found (are you missing a using directive or an assembly reference?) [/home/ubuntu/SAFA_ECC_Core_Clean/SAFA_ECC_Core.csproj]
/home/ubuntu/SAFA_ECC_Core_Clean/obj/Debug/net8.0/Microsoft.CodeAnalysis.Razor.Compiler/Microsoft.NET.Sdk.Razor.SourceGenerators.RazorSourceGenerator/Views_Authentication_Outword_details_cshtml.g.cs(32,140): error CS0234: The type or namespace name 'OutwordDetailsViewModel' does not exist in the namespace 'SAFA_ECC_Core.ViewModels' (are you missing an assembly reference?) [/home/ubuntu/SAFA_ECC_Core_Clean/SAFA_ECC_Core.csproj]
/home/ubuntu/SAFA_ECC_Core_Clean/obj/Debug/net8.0/Microsoft.CodeAnalysis.Razor.Compiler/Microsoft.NET.Sdk.Razor.SourceGenerators.RazorSourceGenerator/Views_Inward_test_amani_cshtml.g.cs(32,140): error CS0426: The type name 'InwardViewModel' does not exist in the type 'InwardModule' [/home/ubuntu/SAFA_ECC_Core_Clean/SAFA_ECC_Core.csproj]
/home/ubuntu/SAFA_ECC_Core_Clean/obj/Debug/net8.0/Microsoft.CodeAnalysis.Razor.Compiler/Microsoft.NET.Sdk.Razor.SourceGenerators.RazorSourceGenerator/Views_Authentication_Outword_details_cshtml.g.cs(475,96): error CS0234: The type or namespace name 'OutwordDetailsViewModel' does not exist in the namespace 'SAFA_ECC_Core.ViewModels' (are you missing an assembly reference?) [/home/ubuntu/SAFA_ECC_Core_Clean/SAFA_ECC_Core.csproj]
/home/ubuntu/SAFA_ECC_Core_Clean/obj/Debug/net8.0/Microsoft.CodeAnalysis.Razor.Compiler/Microsoft.NET.Sdk.Razor.SourceGenerators.RazorSourceGenerator/Views_Inward_test_amani_cshtml.g.cs(576,109): error CS0426: The type name 'InwardViewModel' does not exist in the type 'InwardModule' [/home/ubuntu/SAFA_ECC_Core_Clean/SAFA_ECC_Core.csproj]
/home/ubuntu/SAFA_ECC_Core_Clean/obj/Debug/net8.0/Microsoft.CodeAnalysis.Razor.Compiler/Microsoft.NET.Sdk.Razor.SourceGenerators.RazorSourceGenerator/Views_Commissions_Index_cshtml.g.cs(578,96): error CS0234: The type or namespace name 'CommissionsIndexViewModel' does not exist in the namespace 'SAFA_ECC_Core.ViewModels' (are you missing an assembly reference?) [/home/ubuntu/SAFA_ECC_Core_Clean/SAFA_ECC_Core.csproj]
/home/ubuntu/SAFA_ECC_Core_Clean/obj/Debug/net8.0/Microsoft.CodeAnalysis.Razor.Compiler/Microsoft.NET.Sdk.Razor.SourceGenerators.RazorSourceGenerator/Views_Authentication_Outword_details_onus_cshtml.g.cs(32,145): error CS0234: The type or namespace name 'OutwordDetailsViewModel' does not exist in the namespace 'SAFA_ECC_Core.ViewModels' (are you missing an assembly reference?) [/home/ubuntu/SAFA_ECC_Core_Clean/SAFA_ECC_Core.csproj]
/home/ubuntu/SAFA_ECC_Core_Clean/obj/Debug/net8.0/Microsoft.CodeAnalysis.Razor.Compiler/Microsoft.NET.Sdk.Razor.SourceGenerators.RazorSourceGenerator/Views_Commissions_Report_cshtml.g.cs(32,128): error CS0234: The type or namespace name 'CommissionsReportViewModel' does not exist in the namespace 'SAFA_ECC_Core.ViewModels' (are you missing an assembly reference?) [/home/ubuntu/SAFA_ECC_Core_Clean/SAFA_ECC_Core.csproj]
/home/ubuntu/SAFA_ECC_Core_Clean/obj/Debug/net8.0/Microsoft.CodeAnalysis.Razor.Compiler/Microsoft.NET.Sdk.Razor.SourceGenerators.RazorSourceGenerator/Views_Authentication_Outword_details_onus_cshtml.g.cs(368,96): error CS0234: The type or namespace name 'OutwordDetailsViewModel' does not exist in the namespace 'SAFA_ECC_Core.ViewModels' (are you missing an assembly reference?) [/home/ubuntu/SAFA_ECC_Core_Clean/SAFA_ECC_Core.csproj]
/home/ubuntu/SAFA_ECC_Core_Clean/obj/Debug/net8.0/Microsoft.CodeAnalysis.Razor.Compiler/Microsoft.NET.Sdk.Razor.SourceGenerators.RazorSourceGenerator/Views_Commissions_Report_cshtml.g.cs(493,96): error CS0234: The type or namespace name 'CommissionsReportViewModel' does not exist in the namespace 'SAFA_ECC_Core.ViewModels' (are you missing an assembly reference?) [/home/ubuntu/SAFA_ECC_Core_Clean/SAFA_ECC_Core.csproj]
/home/ubuntu/SAFA_ECC_Core_Clean/obj/Debug/net8.0/Microsoft.CodeAnalysis.Razor.Compiler/Microsoft.NET.Sdk.Razor.SourceGenerators.RazorSourceGenerator/Views_Authentication_Pendding_Request_cshtml.g.cs(38,116): error CS0246: The type or namespace name 'PenddingRequestViewModel' could not be found (are you missing a using directive or an assembly reference?) [/home/ubuntu/SAFA_ECC_Core_Clean/SAFA_ECC_Core.csproj]
/home/ubuntu/SAFA_ECC_Core_Clean/obj/Debug/net8.0/Microsoft.CodeAnalysis.Razor.Compiler/Microsoft.NET.Sdk.Razor.SourceGenerators.RazorSourceGenerator/Views_Authentication_PDC_details_cshtml.g.cs(32,136): error CS0234: The type or namespace name 'PDCDetailsViewModel' does not exist in the namespace 'SAFA_ECC_Core.ViewModels' (are you missing an assembly reference?) [/home/ubuntu/SAFA_ECC_Core_Clean/SAFA_ECC_Core.csproj]
/home/ubuntu/SAFA_ECC_Core_Clean/obj/Debug/net8.0/Microsoft.CodeAnalysis.Razor.Compiler/Microsoft.NET.Sdk.Razor.SourceGenerators.RazorSourceGenerator/Views_Authentication_PDC_details_cshtml.g.cs(478,96): error CS0234: The type or namespace name 'PDCDetailsViewModel' does not exist in the namespace 'SAFA_ECC_Core.ViewModels' (are you missing an assembly reference?) [/home/ubuntu/SAFA_ECC_Core_Clean/SAFA_ECC_Core.csproj]
/home/ubuntu/SAFA_ECC_Core_Clean/obj/Debug/net8.0/Microsoft.CodeAnalysis.Razor.Compiler/Microsoft.NET.Sdk.Razor.SourceGenerators.RazorSourceGenerator/Views_Authentication_Pendding_OutWord_Request1_cshtml.g.cs(38,125): error CS0246: The type or namespace name 'Pendding_OutWord_Request1ViewModel' could not be found (are you missing a using directive or an assembly reference?) [/home/ubuntu/SAFA_ECC_Core_Clean/SAFA_ECC_Core.csproj]
/home/ubuntu/SAFA_ECC_Core_Clean/obj/Debug/net8.0/Microsoft.CodeAnalysis.Razor.Compiler/Microsoft.NET.Sdk.Razor.SourceGenerators.RazorSourceGenerator/Views_Authentication_Pendding_Request_cshtml.g.cs(271,71): error CS0246: The type or namespace name 'PenddingRequestViewModel' could not be found (are you missing a using directive or an assembly reference?) [/home/ubuntu/SAFA_ECC_Core_Clean/SAFA_ECC_Core.csproj]
/home/ubuntu/SAFA_ECC_Core_Clean/obj/Debug/net8.0/Microsoft.CodeAnalysis.Razor.Compiler/Microsoft.NET.Sdk.Razor.SourceGenerators.RazorSourceGenerator/Views_Inward_ViewDetailsinwarad_cshtml.g.cs(38,110): error CS0246: The type or namespace name 'InwardDetailsViewModel' could not be found (are you missing a using directive or an assembly reference?) [/home/ubuntu/SAFA_ECC_Core_Clean/SAFA_ECC_Core.csproj]
/home/ubuntu/SAFA_ECC_Core_Clean/obj/Debug/net8.0/Microsoft.CodeAnalysis.Razor.Compiler/Microsoft.NET.Sdk.Razor.SourceGenerators.RazorSourceGenerator/Views_Authentication_Pendding_OutWord_Request1_cshtml.g.cs(372,71): error CS0246: The type or namespace name 'Pendding_OutWord_Request1ViewModel' could not be found (are you missing a using directive or an assembly reference?) [/home/ubuntu/SAFA_ECC_Core_Clean/SAFA_ECC_Core.csproj]
/home/ubuntu/SAFA_ECC_Core_Clean/obj/Debug/net8.0/Microsoft.CodeAnalysis.Razor.Compiler/Microsoft.NET.Sdk.Razor.SourceGenerators.RazorSourceGenerator/Views_Inward_ViewDetailsinwarad_cshtml.g.cs(295,71): error CS0246: The type or namespace name 'InwardDetailsViewModel' could not be found (are you missing a using directive or an assembly reference?) [/home/ubuntu/SAFA_ECC_Core_Clean/SAFA_ECC_Core.csproj]
/home/ubuntu/SAFA_ECC_Core_Clean/obj/Debug/net8.0/Microsoft.CodeAnalysis.Razor.Compiler/Microsoft.NET.Sdk.Razor.SourceGenerators.RazorSourceGenerator/Views_ChequeViewer_ChequesSearch_cshtml.g.cs(38,111): error CS0246: The type or namespace name 'ChequesSearchViewModel' could not be found (are you missing a using directive or an assembly reference?) [/home/ubuntu/SAFA_ECC_Core_Clean/SAFA_ECC_Core.csproj]
/home/ubuntu/SAFA_ECC_Core_Clean/obj/Debug/net8.0/Microsoft.CodeAnalysis.Razor.Compiler/Microsoft.NET.Sdk.Razor.SourceGenerators.RazorSourceGenerator/Views_ChequeViewer_ChequesSearch_cshtml.g.cs(530,71): error CS0246: The type or namespace name 'ChequesSearchViewModel' could not be found (are you missing a using directive or an assembly reference?) [/home/ubuntu/SAFA_ECC_Core_Clean/SAFA_ECC_Core.csproj]
/home/ubuntu/SAFA_ECC_Core_Clean/obj/Debug/net8.0/Microsoft.CodeAnalysis.Razor.Compiler/Microsoft.NET.Sdk.Razor.SourceGenerators.RazorSourceGenerator/Views_ChequeViewer_ChequesSearch_old_cshtml.g.cs(38,115): error CS0246: The type or namespace name 'ChequeSearchViewModel' could not be found (are you missing a using directive or an assembly reference?) [/home/ubuntu/SAFA_ECC_Core_Clean/SAFA_ECC_Core.csproj]
/home/ubuntu/SAFA_ECC_Core_Clean/obj/Debug/net8.0/Microsoft.CodeAnalysis.Razor.Compiler/Microsoft.NET.Sdk.Razor.SourceGenerators.RazorSourceGenerator/Views_Inward_WFChqStatus_cshtml.g.cs(38,103): error CS0246: The type or namespace name 'WFChqStatusViewModel' could not be found (are you missing a using directive or an assembly reference?) [/home/ubuntu/SAFA_ECC_Core_Clean/SAFA_ECC_Core.csproj]
/home/ubuntu/SAFA_ECC_Core_Clean/obj/Debug/net8.0/Microsoft.CodeAnalysis.Razor.Compiler/Microsoft.NET.Sdk.Razor.SourceGenerators.RazorSourceGenerator/Views_ChequeViewer_ChequesSearch_old_cshtml.g.cs(426,71): error CS0246: The type or namespace name 'ChequeSearchViewModel' could not be found (are you missing a using directive or an assembly reference?) [/home/ubuntu/SAFA_ECC_Core_Clean/SAFA_ECC_Core.csproj]
/home/ubuntu/SAFA_ECC_Core_Clean/obj/Debug/net8.0/Microsoft.CodeAnalysis.Razor.Compiler/Microsoft.NET.Sdk.Razor.SourceGenerators.RazorSourceGenerator/Views_Inward_WFChqStatus_cshtml.g.cs(350,71): error CS0246: The type or namespace name 'WFChqStatusViewModel' could not be found (are you missing a using directive or an assembly reference?) [/home/ubuntu/SAFA_ECC_Core_Clean/SAFA_ECC_Core.csproj]
/home/ubuntu/SAFA_ECC_Core_Clean/obj/Debug/net8.0/Microsoft.CodeAnalysis.Razor.Compiler/Microsoft.NET.Sdk.Razor.SourceGenerators.RazorSourceGenerator/Views_Login_Index_cshtml.g.cs(32,121): error CS0234: The type or namespace name 'LoginViewModel' does not exist in the namespace 'SAFA_ECC_Core.ViewModels' (are you missing an assembly reference?) [/home/ubuntu/SAFA_ECC_Core_Clean/SAFA_ECC_Core.csproj]
/home/ubuntu/SAFA_ECC_Core_Clean/obj/Debug/net8.0/Microsoft.CodeAnalysis.Razor.Compiler/Microsoft.NET.Sdk.Razor.SourceGenerators.RazorSourceGenerator/Views_Login_Index_cshtml.g.cs(355,96): error CS0234: The type or namespace name 'LoginViewModel' does not exist in the namespace 'SAFA_ECC_Core.ViewModels' (are you missing an assembly reference?) [/home/ubuntu/SAFA_ECC_Core_Clean/SAFA_ECC_Core.csproj]
/home/ubuntu/SAFA_ECC_Core_Clean/obj/Debug/net8.0/Microsoft.CodeAnalysis.Razor.Compiler/Microsoft.NET.Sdk.Razor.SourceGenerators.RazorSourceGenerator/Views_ChequeViewer_PrintAllOutwardCHQ_cshtml.g.cs(38,116): error CS0246: The type or namespace name 'PrintAllOutwardCHQViewModel' could not be found (are you missing a using directive or an assembly reference?) [/home/ubuntu/SAFA_ECC_Core_Clean/SAFA_ECC_Core.csproj]
/home/ubuntu/SAFA_ECC_Core_Clean/obj/Debug/net8.0/Microsoft.CodeAnalysis.Razor.Compiler/Microsoft.NET.Sdk.Razor.SourceGenerators.RazorSourceGenerator/Views_ChequeViewer_PrintAllOutwardCHQ_cshtml.g.cs(409,71): error CS0246: The type or namespace name 'PrintAllOutwardCHQViewModel' could not be found (are you missing a using directive or an assembly reference?) [/home/ubuntu/SAFA_ECC_Core_Clean/SAFA_ECC_Core.csproj]
/home/ubuntu/SAFA_ECC_Core_Clean/obj/Debug/net8.0/Microsoft.CodeAnalysis.Razor.Compiler/Microsoft.NET.Sdk.Razor.SourceGenerators.RazorSourceGenerator/Views_ChequeViewer_PrintCheque_Details_cshtml.g.cs(38,117): error CS0246: The type or namespace name 'PrintChequeDetailsViewModel' could not be found (are you missing a using directive or an assembly reference?) [/home/ubuntu/SAFA_ECC_Core_Clean/SAFA_ECC_Core.csproj]
/home/ubuntu/SAFA_ECC_Core_Clean/obj/Debug/net8.0/Microsoft.CodeAnalysis.Razor.Compiler/Microsoft.NET.Sdk.Razor.SourceGenerators.RazorSourceGenerator/Views_PDC_FaildPostDateVerficationDetails_Auth_cshtml.g.cs(514,71): error CS0246: The type or namespace name 'FaildPostDateVerficationDetailsViewModel' could not be found (are you missing a using directive or an assembly reference?) [/home/ubuntu/SAFA_ECC_Core_Clean/SAFA_ECC_Core.csproj]
/home/ubuntu/SAFA_ECC_Core_Clean/obj/Debug/net8.0/Microsoft.CodeAnalysis.Razor.Compiler/Microsoft.NET.Sdk.Razor.SourceGenerators.RazorSourceGenerator/Views_ChequeViewer_PrintCheque_Details_cshtml.g.cs(344,71): error CS0246: The type or namespace name 'PrintChequeDetailsViewModel' could not be found (are you missing a using directive or an assembly reference?) [/home/ubuntu/SAFA_ECC_Core_Clean/SAFA_ECC_Core.csproj]
/home/ubuntu/SAFA_ECC_Core_Clean/obj/Debug/net8.0/Microsoft.CodeAnalysis.Razor.Compiler/Microsoft.NET.Sdk.Razor.SourceGenerators.RazorSourceGenerator/Views_Commissions_CommisionReport_cshtml.g.cs(38,112): error CS0246: The type or namespace name 'CommissionReportViewModel' could not be found (are you missing a using directive or an assembly reference?) [/home/ubuntu/SAFA_ECC_Core_Clean/SAFA_ECC_Core.csproj]
/home/ubuntu/SAFA_ECC_Core_Clean/obj/Debug/net8.0/Microsoft.CodeAnalysis.Razor.Compiler/Microsoft.NET.Sdk.Razor.SourceGenerators.RazorSourceGenerator/Views_Outward_Get_ReturnedSlipDetails_cshtml.g.cs(365,104): error CS0426: The type name 'ReturnedSlipDetailsViewModel' does not exist in the type 'Outward' [/home/ubuntu/SAFA_ECC_Core_Clean/SAFA_ECC_Core.csproj]
/home/ubuntu/SAFA_ECC_Core_Clean/obj/Debug/net8.0/Microsoft.CodeAnalysis.Razor.Compiler/Microsoft.NET.Sdk.Razor.SourceGenerators.RazorSourceGenerator/Views_Outward_Get_ReturnedSlipDetails_cshtml.g.cs(367,114): error CS0426: The type name 'ReturnedSlipDetailsViewModel' does not exist in the type 'Outward' [/home/ubuntu/SAFA_ECC_Core_Clean/SAFA_ECC_Core.csproj]
/home/ubuntu/SAFA_ECC_Core_Clean/obj/Debug/net8.0/Microsoft.CodeAnalysis.Razor.Compiler/Microsoft.NET.Sdk.Razor.SourceGenerators.RazorSourceGenerator/Views_Outward_Get_ReturnedSlipDetails_cshtml.g.cs(368,49): error CS0426: The type name 'ReturnedSlipDetailsViewModel' does not exist in the type 'Outward' [/home/ubuntu/SAFA_ECC_Core_Clean/SAFA_ECC_Core.csproj]
/home/ubuntu/SAFA_ECC_Core_Clean/obj/Debug/net8.0/Microsoft.CodeAnalysis.Razor.Compiler/Microsoft.NET.Sdk.Razor.SourceGenerators.RazorSourceGenerator/Views_Commissions_CommisionReport_cshtml.g.cs(268,71): error CS0246: The type or namespace name 'CommissionReportViewModel' could not be found (are you missing a using directive or an assembly reference?) [/home/ubuntu/SAFA_ECC_Core_Clean/SAFA_ECC_Core.csproj]
/home/ubuntu/SAFA_ECC_Core_Clean/obj/Debug/net8.0/Microsoft.CodeAnalysis.Razor.Compiler/Microsoft.NET.Sdk.Razor.SourceGenerators.RazorSourceGenerator/Views_Commissions_CommisionsDetails_cshtml.g.cs(38,114): error CS0246: The type or namespace name 'CommissionDetailsViewModel' could not be found (are you missing a using directive or an assembly reference?) [/home/ubuntu/SAFA_ECC_Core_Clean/SAFA_ECC_Core.csproj]
/home/ubuntu/SAFA_ECC_Core_Clean/obj/Debug/net8.0/Microsoft.CodeAnalysis.Razor.Compiler/Microsoft.NET.Sdk.Razor.SourceGenerators.RazorSourceGenerator/Views_Commissions_CommisionsDetails_cshtml.g.cs(405,71): error CS0246: The type or namespace name 'CommissionDetailsViewModel' could not be found (are you missing a using directive or an assembly reference?) [/home/ubuntu/SAFA_ECC_Core_Clean/SAFA_ECC_Core.csproj]
/home/ubuntu/SAFA_ECC_Core_Clean/obj/Debug/net8.0/Microsoft.CodeAnalysis.Razor.Compiler/Microsoft.NET.Sdk.Razor.SourceGenerators.RazorSourceGenerator/Views_Admin_backupRestore_cshtml.g.cs(32,129): error CS0234: The type or namespace name 'BackupRestoreViewModel' does not exist in the namespace 'SAFA_ECC_Core.ViewModels' (are you missing an assembly reference?) [/home/ubuntu/SAFA_ECC_Core_Clean/SAFA_ECC_Core.csproj]
/home/ubuntu/SAFA_ECC_Core_Clean/obj/Debug/net8.0/Microsoft.CodeAnalysis.Razor.Compiler/Microsoft.NET.Sdk.Razor.SourceGenerators.RazorSourceGenerator/Views_Admin_Index_cshtml.g.cs(32,121): error CS0234: The type or namespace name 'AdminDashboardViewModel' does not exist in the namespace 'SAFA_ECC_Core.ViewModels' (are you missing an assembly reference?) [/home/ubuntu/SAFA_ECC_Core_Clean/SAFA_ECC_Core.csproj]
/home/ubuntu/SAFA_ECC_Core_Clean/obj/Debug/net8.0/Microsoft.CodeAnalysis.Razor.Compiler/Microsoft.NET.Sdk.Razor.SourceGenerators.RazorSourceGenerator/Views_Inward_Posting_Restrictions_cshtml.g.cs(38,112): error CS0246: The type or namespace name 'PostingRestrictionsViewModel' could not be found (are you missing a using directive or an assembly reference?) [/home/ubuntu/SAFA_ECC_Core_Clean/SAFA_ECC_Core.csproj]
/home/ubuntu/SAFA_ECC_Core_Clean/obj/Debug/net8.0/Microsoft.CodeAnalysis.Razor.Compiler/Microsoft.NET.Sdk.Razor.SourceGenerators.RazorSourceGenerator/Views_Financial_group_Financial_Auth_cshtml.g.cs(38,115): error CS0246: The type or namespace name 'FinancialAuthViewModel' could not be found (are you missing a using directive or an assembly reference?) [/home/ubuntu/SAFA_ECC_Core_Clean/SAFA_ECC_Core.csproj]
/home/ubuntu/SAFA_ECC_Core_Clean/obj/Debug/net8.0/Microsoft.CodeAnalysis.Razor.Compiler/Microsoft.NET.Sdk.Razor.SourceGenerators.RazorSourceGenerator/Views_Admin_backupRestore_cshtml.g.cs(416,96): error CS0234: The type or namespace name 'BackupRestoreViewModel' does not exist in the namespace 'SAFA_ECC_Core.ViewModels' (are you missing an assembly reference?) [/home/ubuntu/SAFA_ECC_Core_Clean/SAFA_ECC_Core.csproj]
/home/ubuntu/SAFA_ECC_Core_Clean/obj/Debug/net8.0/Microsoft.CodeAnalysis.Razor.Compiler/Microsoft.NET.Sdk.Razor.SourceGenerators.RazorSourceGenerator/Views_Financial_group_Financial_Auth_cshtml.g.cs(281,71): error CS0246: The type or namespace name 'FinancialAuthViewModel' could not be found (are you missing a using directive or an assembly reference?) [/home/ubuntu/SAFA_ECC_Core_Clean/SAFA_ECC_Core.csproj]
/home/ubuntu/SAFA_ECC_Core_Clean/obj/Debug/net8.0/Microsoft.CodeAnalysis.Razor.Compiler/Microsoft.NET.Sdk.Razor.SourceGenerators.RazorSourceGenerator/Views_Admin_AuditLogs_cshtml.g.cs(38,100): error CS0246: The type or namespace name 'AuditLogsViewModel' could not be found (are you missing a using directive or an assembly reference?) [/home/ubuntu/SAFA_ECC_Core_Clean/SAFA_ECC_Core.csproj]
/home/ubuntu/SAFA_ECC_Core_Clean/obj/Debug/net8.0/Microsoft.CodeAnalysis.Razor.Compiler/Microsoft.NET.Sdk.Razor.SourceGenerators.RazorSourceGenerator/Views_Admin_AuditLogs_cshtml.g.cs(393,71): error CS0246: The type or namespace name 'AuditLogsViewModel' could not be found (are you missing a using directive or an assembly reference?) [/home/ubuntu/SAFA_ECC_Core_Clean/SAFA_ECC_Core.csproj]
/home/ubuntu/SAFA_ECC_Core_Clean/obj/Debug/net8.0/Microsoft.CodeAnalysis.Razor.Compiler/Microsoft.NET.Sdk.Razor.SourceGenerators.RazorSourceGenerator/Views_Authentication_Rejected_Request_cshtml.g.cs(38,116): error CS0246: The type or namespace name 'RejectedRequestViewModel' could not be found (are you missing a using directive or an assembly reference?) [/home/ubuntu/SAFA_ECC_Core_Clean/SAFA_ECC_Core.csproj]
/home/ubuntu/SAFA_ECC_Core_Clean/obj/Debug/net8.0/Microsoft.CodeAnalysis.Razor.Compiler/Microsoft.NET.Sdk.Razor.SourceGenerators.RazorSourceGenerator/Views_Inward_ADDEmail_cshtml.g.cs(38,100): error CS0246: The type or namespace name 'ADDEmailViewModel' could not be found (are you missing a using directive or an assembly reference?) [/home/ubuntu/SAFA_ECC_Core_Clean/SAFA_ECC_Core.csproj]
/home/ubuntu/SAFA_ECC_Core_Clean/obj/Debug/net8.0/Microsoft.CodeAnalysis.Razor.Compiler/Microsoft.NET.Sdk.Razor.SourceGenerators.RazorSourceGenerator/Views_Inward_FixedError_cshtml.g.cs(38,102): error CS0246: The type or namespace name 'FixedErrorViewModel' could not be found (are you missing a using directive or an assembly reference?) [/home/ubuntu/SAFA_ECC_Core_Clean/SAFA_ECC_Core.csproj]
/home/ubuntu/SAFA_ECC_Core_Clean/obj/Debug/net8.0/Microsoft.CodeAnalysis.Razor.Compiler/Microsoft.NET.Sdk.Razor.SourceGenerators.RazorSourceGenerator/Views_Admin_Index_cshtml.g.cs(553,96): error CS0234: The type or namespace name 'AdminDashboardViewModel' does not exist in the namespace 'SAFA_ECC_Core.ViewModels' (are you missing an assembly reference?) [/home/ubuntu/SAFA_ECC_Core_Clean/SAFA_ECC_Core.csproj]
/home/ubuntu/SAFA_ECC_Core_Clean/obj/Debug/net8.0/Microsoft.CodeAnalysis.Razor.Compiler/Microsoft.NET.Sdk.Razor.SourceGenerators.RazorSourceGenerator/Views_Inward_InwardDataChequeViewr_cshtml.g.cs(38,113): error CS0246: The type or namespace name 'InwardDataChequeViewrViewModel' could not be found (are you missing a using directive or an assembly reference?) [/home/ubuntu/SAFA_ECC_Core_Clean/SAFA_ECC_Core.csproj]
/home/ubuntu/SAFA_ECC_Core_Clean/obj/Debug/net8.0/Microsoft.CodeAnalysis.Razor.Compiler/Microsoft.NET.Sdk.Razor.SourceGenerators.RazorSourceGenerator/Views_Inward_Posting_Restrictions_cshtml.g.cs(792,71): error CS0246: The type or namespace name 'PostingRestrictionsViewModel' could not be found (are you missing a using directive or an assembly reference?) [/home/ubuntu/SAFA_ECC_Core_Clean/SAFA_ECC_Core.csproj]
/home/ubuntu/SAFA_ECC_Core_Clean/obj/Debug/net8.0/Microsoft.CodeAnalysis.Razor.Compiler/Microsoft.NET.Sdk.Razor.SourceGenerators.RazorSourceGenerator/Views_Authentication_Rejected_Request_cshtml.g.cs(318,71): error CS0246: The type or namespace name 'RejectedRequestViewModel' could not be found (are you missing a using directive or an assembly reference?) [/home/ubuntu/SAFA_ECC_Core_Clean/SAFA_ECC_Core.csproj]
/home/ubuntu/SAFA_ECC_Core_Clean/obj/Debug/net8.0/Microsoft.CodeAnalysis.Razor.Compiler/Microsoft.NET.Sdk.Razor.SourceGenerators.RazorSourceGenerator/Views_Inward_InsufficientFunds_cshtml.g.cs(38,109): error CS0246: The type or namespace name 'InsufficientFundsViewModel' could not be found (are you missing a using directive or an assembly reference?) [/home/ubuntu/SAFA_ECC_Core_Clean/SAFA_ECC_Core.csproj]
/home/ubuntu/SAFA_ECC_Core_Clean/obj/Debug/net8.0/Microsoft.CodeAnalysis.Razor.Compiler/Microsoft.NET.Sdk.Razor.SourceGenerators.RazorSourceGenerator/Views_Inward_InsufficientFunds_cshtml.g.cs(296,71): error CS0246: The type or namespace name 'InsufficientFundsViewModel' could not be found (are you missing a using directive or an assembly reference?) [/home/ubuntu/SAFA_ECC_Core_Clean/SAFA_ECC_Core.csproj]
/home/ubuntu/SAFA_ECC_Core_Clean/obj/Debug/net8.0/Microsoft.CodeAnalysis.Razor.Compiler/Microsoft.NET.Sdk.Razor.SourceGenerators.RazorSourceGenerator/Views_Inward_InwardCustomerDues_cshtml.g.cs(38,110): error CS0246: The type or namespace name 'InwardCustomerDuesViewModel' could not be found (are you missing a using directive or an assembly reference?) [/home/ubuntu/SAFA_ECC_Core_Clean/SAFA_ECC_Core.csproj]
/home/ubuntu/SAFA_ECC_Core_Clean/obj/Debug/net8.0/Microsoft.CodeAnalysis.Razor.Compiler/Microsoft.NET.Sdk.Razor.SourceGenerators.RazorSourceGenerator/Views_Inward_ADDEmail_cshtml.g.cs(617,71): error CS0246: The type or namespace name 'ADDEmailViewModel' could not be found (are you missing a using directive or an assembly reference?) [/home/ubuntu/SAFA_ECC_Core_Clean/SAFA_ECC_Core.csproj]
/home/ubuntu/SAFA_ECC_Core_Clean/obj/Debug/net8.0/Microsoft.CodeAnalysis.Razor.Compiler/Microsoft.NET.Sdk.Razor.SourceGenerators.RazorSourceGenerator/Views_Inward_FixedError_cshtml.g.cs(597,71): error CS0246: The type or namespace name 'FixedErrorViewModel' could not be found (are you missing a using directive or an assembly reference?) [/home/ubuntu/SAFA_ECC_Core_Clean/SAFA_ECC_Core.csproj]
/home/ubuntu/SAFA_ECC_Core_Clean/obj/Debug/net8.0/Microsoft.CodeAnalysis.Razor.Compiler/Microsoft.NET.Sdk.Razor.SourceGenerators.RazorSourceGenerator/Views_Inward_InwardDataChequeViewr_cshtml.g.cs(324,71): error CS0246: The type or namespace name 'InwardDataChequeViewrViewModel' could not be found (are you missing a using directive or an assembly reference?) [/home/ubuntu/SAFA_ECC_Core_Clean/SAFA_ECC_Core.csproj]
/home/ubuntu/SAFA_ECC_Core_Clean/obj/Debug/net8.0/Microsoft.CodeAnalysis.Razor.Compiler/Microsoft.NET.Sdk.Razor.SourceGenerators.RazorSourceGenerator/Views_Inward_InwardDataChequeViewrONUS_cshtml.g.cs(32,142): error CS0234: The type or namespace name 'InwardDataChequeViewModel' does not exist in the namespace 'SAFA_ECC_Core.ViewModels' (are you missing an assembly reference?) [/home/ubuntu/SAFA_ECC_Core_Clean/SAFA_ECC_Core.csproj]
/home/ubuntu/SAFA_ECC_Core_Clean/obj/Debug/net8.0/Microsoft.CodeAnalysis.Razor.Compiler/Microsoft.NET.Sdk.Razor.SourceGenerators.RazorSourceGenerator/Views_Inward_InwardDataChequeViewrONUS_cshtml.g.cs(507,96): error CS0234: The type or namespace name 'InwardDataChequeViewModel' does not exist in the namespace 'SAFA_ECC_Core.ViewModels' (are you missing an assembly reference?) [/home/ubuntu/SAFA_ECC_Core_Clean/SAFA_ECC_Core.csproj]
/home/ubuntu/SAFA_ECC_Core_Clean/obj/Debug/net8.0/Microsoft.CodeAnalysis.Razor.Compiler/Microsoft.NET.Sdk.Razor.SourceGenerators.RazorSourceGenerator/Views_Inward_ChequeViewer_cshtml.g.cs(38,104): error CS0246: The type or namespace name 'ChequeViewerViewModel' could not be found (are you missing a using directive or an assembly reference?) [/home/ubuntu/SAFA_ECC_Core_Clean/SAFA_ECC_Core.csproj]
/home/ubuntu/SAFA_ECC_Core_Clean/obj/Debug/net8.0/Microsoft.CodeAnalysis.Razor.Compiler/Microsoft.NET.Sdk.Razor.SourceGenerators.RazorSourceGenerator/Views_Inward_InwardCustomerDues_cshtml.g.cs(300,71): error CS0246: The type or namespace name 'InwardCustomerDuesViewModel' could not be found (are you missing a using directive or an assembly reference?) [/home/ubuntu/SAFA_ECC_Core_Clean/SAFA_ECC_Core.csproj]
/home/ubuntu/SAFA_ECC_Core_Clean/obj/Debug/net8.0/Microsoft.CodeAnalysis.Razor.Compiler/Microsoft.NET.Sdk.Razor.SourceGenerators.RazorSourceGenerator/Views_Inward_ChequeViewer_cshtml.g.cs(309,71): error CS0246: The type or namespace name 'ChequeViewerViewModel' could not be found (are you missing a using directive or an assembly reference?) [/home/ubuntu/SAFA_ECC_Core_Clean/SAFA_ECC_Core.csproj]
/home/ubuntu/SAFA_ECC_Core_Clean/obj/Debug/net8.0/Microsoft.CodeAnalysis.Razor.Compiler/Microsoft.NET.Sdk.Razor.SourceGenerators.RazorSourceGenerator/Views_Inward_InwardCustomerDuesReport_cshtml.g.cs(32,141): error CS0234: The type or namespace name 'InwardCustomerDuesReportViewModel' does not exist in the namespace 'SAFA_ECC_Core.ViewModels' (are you missing an assembly reference?) [/home/ubuntu/SAFA_ECC_Core_Clean/SAFA_ECC_Core.csproj]
/home/ubuntu/SAFA_ECC_Core_Clean/obj/Debug/net8.0/Microsoft.CodeAnalysis.Razor.Compiler/Microsoft.NET.Sdk.Razor.SourceGenerators.RazorSourceGenerator/Views_Inward_InwardCustomerDuesReport_cshtml.g.cs(1497,96): error CS0234: The type or namespace name 'InwardCustomerDuesReportViewModel' does not exist in the namespace 'SAFA_ECC_Core.ViewModels' (are you missing an assembly reference?) [/home/ubuntu/SAFA_ECC_Core_Clean/SAFA_ECC_Core.csproj]
/home/ubuntu/SAFA_ECC_Core_Clean/obj/Debug/net8.0/Microsoft.CodeAnalysis.Razor.Compiler/Microsoft.NET.Sdk.Razor.SourceGenerators.RazorSourceGenerator/Views_Inward_Fix_Ret_CHQ_cshtml.g.cs(226,96): error CS0234: The type or namespace name 'Inward' does not exist in the namespace 'SAFA_ECC_Core.ViewModels' (are you missing an assembly reference?) [/home/ubuntu/SAFA_ECC_Core_Clean/SAFA_ECC_Core.csproj]
/home/ubuntu/SAFA_ECC_Core_Clean/obj/Debug/net8.0/Microsoft.CodeAnalysis.Razor.Compiler/Microsoft.NET.Sdk.Razor.SourceGenerators.RazorSourceGenerator/Views_Inward_Fix_Ret_CHQ_cshtml.g.cs(228,106): error CS0234: The type or namespace name 'Inward' does not exist in the namespace 'SAFA_ECC_Core.ViewModels' (are you missing an assembly reference?) [/home/ubuntu/SAFA_ECC_Core_Clean/SAFA_ECC_Core.csproj]
/home/ubuntu/SAFA_ECC_Core_Clean/obj/Debug/net8.0/Microsoft.CodeAnalysis.Razor.Compiler/Microsoft.NET.Sdk.Razor.SourceGenerators.RazorSourceGenerator/Views_Inward_Fix_Ret_CHQ_cshtml.g.cs(229,41): error CS0234: The type or namespace name 'Inward' does not exist in the namespace 'SAFA_ECC_Core.ViewModels' (are you missing an assembly reference?) [/home/ubuntu/SAFA_ECC_Core_Clean/SAFA_ECC_Core.csproj]
/home/ubuntu/SAFA_ECC_Core_Clean/obj/Debug/net8.0/Microsoft.CodeAnalysis.Razor.Compiler/Microsoft.NET.Sdk.Razor.SourceGenerators.RazorSourceGenerator/Views_Inward_InwardFinanicalWFDetailsPMADIS_cshtml.g.cs(38,122): error CS0246: The type or namespace name 'InwardFinancialWFDetailsPMADISViewModel' could not be found (are you missing a using directive or an assembly reference?) [/home/ubuntu/SAFA_ECC_Core_Clean/SAFA_ECC_Core.csproj]
/home/ubuntu/SAFA_ECC_Core_Clean/obj/Debug/net8.0/Microsoft.CodeAnalysis.Razor.Compiler/Microsoft.NET.Sdk.Razor.SourceGenerators.RazorSourceGenerator/Views_Inward_Reject_CHQ_cshtml.g.cs(38,102): error CS0246: The type or namespace name 'RejectChequeViewModel' could not be found (are you missing a using directive or an assembly reference?) [/home/ubuntu/SAFA_ECC_Core_Clean/SAFA_ECC_Core.csproj]
/home/ubuntu/SAFA_ECC_Core_Clean/obj/Debug/net8.0/Microsoft.CodeAnalysis.Razor.Compiler/Microsoft.NET.Sdk.Razor.SourceGenerators.RazorSourceGenerator/Views_Inward_InwardFinanicalWFDetailsPMADIS_cshtml.g.cs(295,71): error CS0246: The type or namespace name 'InwardFinancialWFDetailsPMADISViewModel' could not be found (are you missing a using directive or an assembly reference?) [/home/ubuntu/SAFA_ECC_Core_Clean/SAFA_ECC_Core.csproj]
/home/ubuntu/SAFA_ECC_Core_Clean/obj/Debug/net8.0/Microsoft.CodeAnalysis.Razor.Compiler/Microsoft.NET.Sdk.Razor.SourceGenerators.RazorSourceGenerator/Views_Inward_Reject_CHQ_cshtml.g.cs(553,71): error CS0246: The type or namespace name 'RejectChequeViewModel' could not be found (are you missing a using directive or an assembly reference?) [/home/ubuntu/SAFA_ECC_Core_Clean/SAFA_ECC_Core.csproj]

Build FAILED.

/home/ubuntu/SAFA_ECC_Core_Clean/SAFA_ECC_Core.csproj : warning NU1903: Package 'System.Data.SqlClient' 4.8.5 has a known high severity vulnerability, https://github.com/advisories/GHSA-98g6-xh36-x2p7
/home/ubuntu/SAFA_ECC_Core_Clean/SAFA_ECC_Core.csproj : warning NU1903: Package 'System.Data.SqlClient' 4.8.5 has a known high severity vulnerability, https://github.com/advisories/GHSA-98g6-xh36-x2p7
/home/ubuntu/SAFA_ECC_Core_Clean/Controllers/AdminController.cs(99,50): error CS0246: The type or namespace name 'AddUserViewModel' could not be found (are you missing a using directive or an assembly reference?) [/home/ubuntu/SAFA_ECC_Core_Clean/SAFA_ECC_Core.csproj]
/home/ubuntu/SAFA_ECC_Core_Clean/Controllers/AdminController.cs(187,51): error CS0246: The type or namespace name 'EditUserViewModel' could not be found (are you missing a using directive or an assembly reference?) [/home/ubuntu/SAFA_ECC_Core_Clean/SAFA_ECC_Core.csproj]
/home/ubuntu/SAFA_ECC_Core_Clean/Controllers/AdminController.cs(276,51): error CS0246: The type or namespace name 'AddGroupViewModel' could not be found (are you missing a using directive or an assembly reference?) [/home/ubuntu/SAFA_ECC_Core_Clean/SAFA_ECC_Core.csproj]
/home/ubuntu/SAFA_ECC_Core_Clean/Controllers/AdminController.cs(352,64): error CS0246: The type or namespace name 'AddPasswordPolicyViewModel' could not be found (are you missing a using directive or an assembly reference?) [/home/ubuntu/SAFA_ECC_Core_Clean/SAFA_ECC_Core.csproj]
/home/ubuntu/SAFA_ECC_Core_Clean/Views/Inward/ADDEmail.cshtml(1,33): error CS0234: The type or namespace name 'Inward' does not exist in the namespace 'SAFA_ECC_Core.ViewModels' (are you missing an assembly reference?) [/home/ubuntu/SAFA_ECC_Core_Clean/SAFA_ECC_Core.csproj]
/home/ubuntu/SAFA_ECC_Core_Clean/obj/Debug/net8.0/Microsoft.CodeAnalysis.Razor.Compiler/Microsoft.NET.Sdk.Razor.SourceGenerators.RazorSourceGenerator/Views_PDC_Authrization_code_cshtml.g.cs(38,106): error CS0246: The type or namespace name 'AuthrizationCodeViewModel' could not be found (are you missing a using directive or an assembly reference?) [/home/ubuntu/SAFA_ECC_Core_Clean/SAFA_ECC_Core.csproj]
/home/ubuntu/SAFA_ECC_Core_Clean/obj/Debug/net8.0/Microsoft.CodeAnalysis.Razor.Compiler/Microsoft.NET.Sdk.Razor.SourceGenerators.RazorSourceGenerator/Views_Inward_PMADataVerification_cshtml.g.cs(38,111): error CS0246: The type or namespace name 'PMADataVerificationViewModel' could not be found (are you missing a using directive or an assembly reference?) [/home/ubuntu/SAFA_ECC_Core_Clean/SAFA_ECC_Core.csproj]
/home/ubuntu/SAFA_ECC_Core_Clean/obj/Debug/net8.0/Microsoft.CodeAnalysis.Razor.Compiler/Microsoft.NET.Sdk.Razor.SourceGenerators.RazorSourceGenerator/Views_PDC_Authrization_code_cshtml.g.cs(405,71): error CS0246: The type or namespace name 'AuthrizationCodeViewModel' could not be found (are you missing a using directive or an assembly reference?) [/home/ubuntu/SAFA_ECC_Core_Clean/SAFA_ECC_Core.csproj]
/home/ubuntu/SAFA_ECC_Core_Clean/obj/Debug/net8.0/Microsoft.CodeAnalysis.Razor.Compiler/Microsoft.NET.Sdk.Razor.SourceGenerators.RazorSourceGenerator/Views_Inward_PMADataVerification_cshtml.g.cs(716,71): error CS0246: The type or namespace name 'PMADataVerificationViewModel' could not be found (are you missing a using directive or an assembly reference?) [/home/ubuntu/SAFA_ECC_Core_Clean/SAFA_ECC_Core.csproj]
/home/ubuntu/SAFA_ECC_Core_Clean/obj/Debug/net8.0/Microsoft.CodeAnalysis.Razor.Compiler/Microsoft.NET.Sdk.Razor.SourceGenerators.RazorSourceGenerator/Views_Admin_Addgroup_cshtml.g.cs(32,124): error CS0234: The type or namespace name 'AddGroupViewModel' does not exist in the namespace 'SAFA_ECC_Core.ViewModels' (are you missing an assembly reference?) [/home/ubuntu/SAFA_ECC_Core_Clean/SAFA_ECC_Core.csproj]
/home/ubuntu/SAFA_ECC_Core_Clean/obj/Debug/net8.0/Microsoft.CodeAnalysis.Razor.Compiler/Microsoft.NET.Sdk.Razor.SourceGenerators.RazorSourceGenerator/Views_Admin_Addgroup_cshtml.g.cs(780,96): error CS0234: The type or namespace name 'AddGroupViewModel' does not exist in the namespace 'SAFA_ECC_Core.ViewModels' (are you missing an assembly reference?) [/home/ubuntu/SAFA_ECC_Core_Clean/SAFA_ECC_Core.csproj]
/home/ubuntu/SAFA_ECC_Core_Clean/obj/Debug/net8.0/Microsoft.CodeAnalysis.Razor.Compiler/Microsoft.NET.Sdk.Razor.SourceGenerators.RazorSourceGenerator/Views_Commissions_Index_cshtml.g.cs(32,127): error CS0234: The type or namespace name 'CommissionsIndexViewModel' does not exist in the namespace 'SAFA_ECC_Core.ViewModels' (are you missing an assembly reference?) [/home/ubuntu/SAFA_ECC_Core_Clean/SAFA_ECC_Core.csproj]
/home/ubuntu/SAFA_ECC_Core_Clean/obj/Debug/net8.0/Microsoft.CodeAnalysis.Razor.Compiler/Microsoft.NET.Sdk.Razor.SourceGenerators.RazorSourceGenerator/Views_PDC_CHQ_STATUS_cshtml.g.cs(38,99): error CS0246: The type or namespace name 'PDCCHQStatusViewModel' could not be found (are you missing a using directive or an assembly reference?) [/home/ubuntu/SAFA_ECC_Core_Clean/SAFA_ECC_Core.csproj]
/home/ubuntu/SAFA_ECC_Core_Clean/obj/Debug/net8.0/Microsoft.CodeAnalysis.Razor.Compiler/Microsoft.NET.Sdk.Razor.SourceGenerators.RazorSourceGenerator/Views_Admin_AddUser_cshtml.g.cs(38,98): error CS0246: The type or namespace name 'AddUserViewModel' could not be found (are you missing a using directive or an assembly reference?) [/home/ubuntu/SAFA_ECC_Core_Clean/SAFA_ECC_Core.csproj]
/home/ubuntu/SAFA_ECC_Core_Clean/obj/Debug/net8.0/Microsoft.CodeAnalysis.Razor.Compiler/Microsoft.NET.Sdk.Razor.SourceGenerators.RazorSourceGenerator/Views_Inward_PMA_DATAVerficationDetails_cshtml.g.cs(38,118): error CS0246: The type or namespace name 'PMA_DATAVerficationDetailsViewModel' could not be found (are you missing a using directive or an assembly reference?) [/home/ubuntu/SAFA_ECC_Core_Clean/SAFA_ECC_Core.csproj]
/home/ubuntu/SAFA_ECC_Core_Clean/obj/Debug/net8.0/Microsoft.CodeAnalysis.Razor.Compiler/Microsoft.NET.Sdk.Razor.SourceGenerators.RazorSourceGenerator/Views_PDC_CHQ_STATUS_cshtml.g.cs(339,71): error CS0246: The type or namespace name 'PDCCHQStatusViewModel' could not be found (are you missing a using directive or an assembly reference?) [/home/ubuntu/SAFA_ECC_Core_Clean/SAFA_ECC_Core.csproj]
/home/ubuntu/SAFA_ECC_Core_Clean/obj/Debug/net8.0/Microsoft.CodeAnalysis.Razor.Compiler/Microsoft.NET.Sdk.Razor.SourceGenerators.RazorSourceGenerator/Views_Inward_PMA_DATAVerficationDetails_cshtml.g.cs(311,71): error CS0246: The type or namespace name 'PMA_DATAVerficationDetailsViewModel' could not be found (are you missing a using directive or an assembly reference?) [/home/ubuntu/SAFA_ECC_Core_Clean/SAFA_ECC_Core.csproj]
/home/ubuntu/SAFA_ECC_Core_Clean/obj/Debug/net8.0/Microsoft.CodeAnalysis.Razor.Compiler/Microsoft.NET.Sdk.Razor.SourceGenerators.RazorSourceGenerator/Views_Inward_PMA_DATAVerficationDetails_OnUS_cshtml.g.cs(38,123): error CS0246: The type or namespace name 'PMA_DATAVerficationDetailsViewModel' could not be found (are you missing a using directive or an assembly reference?) [/home/ubuntu/SAFA_ECC_Core_Clean/SAFA_ECC_Core.csproj]
/home/ubuntu/SAFA_ECC_Core_Clean/obj/Debug/net8.0/Microsoft.CodeAnalysis.Razor.Compiler/Microsoft.NET.Sdk.Razor.SourceGenerators.RazorSourceGenerator/Views_PDC_FaildPostDateVerficationDetails_cshtml.g.cs(38,120): error CS0246: The type or namespace name 'FaildPostDateVerificationDetailsViewModel' could not be found (are you missing a using directive or an assembly reference?) [/home/ubuntu/SAFA_ECC_Core_Clean/SAFA_ECC_Core.csproj]
/home/ubuntu/SAFA_ECC_Core_Clean/obj/Debug/net8.0/Microsoft.CodeAnalysis.Razor.Compiler/Microsoft.NET.Sdk.Razor.SourceGenerators.RazorSourceGenerator/Views_PDC_FaildPostDateVerficationDetails_Auth_cshtml.g.cs(38,125): error CS0246: The type or namespace name 'FaildPostDateVerficationDetailsViewModel' could not be found (are you missing a using directive or an assembly reference?) [/home/ubuntu/SAFA_ECC_Core_Clean/SAFA_ECC_Core.csproj]
/home/ubuntu/SAFA_ECC_Core_Clean/obj/Debug/net8.0/Microsoft.CodeAnalysis.Razor.Compiler/Microsoft.NET.Sdk.Razor.SourceGenerators.RazorSourceGenerator/Views_Inward_PMA_DATAVerficationDetails_OnUS_cshtml.g.cs(373,71): error CS0246: The type or namespace name 'PMA_DATAVerficationDetailsViewModel' could not be found (are you missing a using directive or an assembly reference?) [/home/ubuntu/SAFA_ECC_Core_Clean/SAFA_ECC_Core.csproj]
/home/ubuntu/SAFA_ECC_Core_Clean/obj/Debug/net8.0/Microsoft.CodeAnalysis.Razor.Compiler/Microsoft.NET.Sdk.Razor.SourceGenerators.RazorSourceGenerator/Views_PDC_FaildPostDateVerficationDetails_cshtml.g.cs(260,71): error CS0246: The type or namespace name 'FaildPostDateVerificationDetailsViewModel' could not be found (are you missing a using directive or an assembly reference?) [/home/ubuntu/SAFA_ECC_Core_Clean/SAFA_ECC_Core.csproj]
/home/ubuntu/SAFA_ECC_Core_Clean/obj/Debug/net8.0/Microsoft.CodeAnalysis.Razor.Compiler/Microsoft.NET.Sdk.Razor.SourceGenerators.RazorSourceGenerator/Views_Admin_AddUser_cshtml.g.cs(613,71): error CS0246: The type or namespace name 'AddUserViewModel' could not be found (are you missing a using directive or an assembly reference?) [/home/ubuntu/SAFA_ECC_Core_Clean/SAFA_ECC_Core.csproj]
/home/ubuntu/SAFA_ECC_Core_Clean/obj/Debug/net8.0/Microsoft.CodeAnalysis.Razor.Compiler/Microsoft.NET.Sdk.Razor.SourceGenerators.RazorSourceGenerator/Views_PDC_Outward_Parameter_cshtml.g.cs(38,106): error CS0246: The type or namespace name 'OutwardParameterViewModel' could not be found (are you missing a using directive or an assembly reference?) [/home/ubuntu/SAFA_ECC_Core_Clean/SAFA_ECC_Core.csproj]
/home/ubuntu/SAFA_ECC_Core_Clean/obj/Debug/net8.0/Microsoft.CodeAnalysis.Razor.Compiler/Microsoft.NET.Sdk.Razor.SourceGenerators.RazorSourceGenerator/Views_PDC_Outward_Parameter_cshtml.g.cs(534,71): error CS0246: The type or namespace name 'OutwardParameterViewModel' could not be found (are you missing a using directive or an assembly reference?) [/home/ubuntu/SAFA_ECC_Core_Clean/SAFA_ECC_Core.csproj]
/home/ubuntu/SAFA_ECC_Core_Clean/obj/Debug/net8.0/Microsoft.CodeAnalysis.Razor.Compiler/Microsoft.NET.Sdk.Razor.SourceGenerators.RazorSourceGenerator/Views_Admin_dataExport_cshtml.g.cs(38,101): error CS0246: The type or namespace name 'DataExportViewModel' could not be found (are you missing a using directive or an assembly reference?) [/home/ubuntu/SAFA_ECC_Core_Clean/SAFA_ECC_Core.csproj]
/home/ubuntu/SAFA_ECC_Core_Clean/obj/Debug/net8.0/Microsoft.CodeAnalysis.Razor.Compiler/Microsoft.NET.Sdk.Razor.SourceGenerators.RazorSourceGenerator/Views_Admin_dataExport_cshtml.g.cs(400,71): error CS0246: The type or namespace name 'DataExportViewModel' could not be found (are you missing a using directive or an assembly reference?) [/home/ubuntu/SAFA_ECC_Core_Clean/SAFA_ECC_Core.csproj]
/home/ubuntu/SAFA_ECC_Core_Clean/obj/Debug/net8.0/Microsoft.CodeAnalysis.Razor.Compiler/Microsoft.NET.Sdk.Razor.SourceGenerators.RazorSourceGenerator/Views_PDC_PDCCheques_cshtml.g.cs(38,99): error CS0246: The type or namespace name 'ChequesViewModel' could not be found (are you missing a using directive or an assembly reference?) [/home/ubuntu/SAFA_ECC_Core_Clean/SAFA_ECC_Core.csproj]
/home/ubuntu/SAFA_ECC_Core_Clean/obj/Debug/net8.0/Microsoft.CodeAnalysis.Razor.Compiler/Microsoft.NET.Sdk.Razor.SourceGenerators.RazorSourceGenerator/Views_Admin_editgroup_cshtml.g.cs(32,125): error CS0234: The type or namespace name 'EditGroupViewModel' does not exist in the namespace 'SAFA_ECC_Core.ViewModels' (are you missing an assembly reference?) [/home/ubuntu/SAFA_ECC_Core_Clean/SAFA_ECC_Core.csproj]
/home/ubuntu/SAFA_ECC_Core_Clean/obj/Debug/net8.0/Microsoft.CodeAnalysis.Razor.Compiler/Microsoft.NET.Sdk.Razor.SourceGenerators.RazorSourceGenerator/Views_PDC_PDCCheques_cshtml.g.cs(271,71): error CS0246: The type or namespace name 'ChequesViewModel' could not be found (are you missing a using directive or an assembly reference?) [/home/ubuntu/SAFA_ECC_Core_Clean/SAFA_ECC_Core.csproj]
/home/ubuntu/SAFA_ECC_Core_Clean/obj/Debug/net8.0/Microsoft.CodeAnalysis.Razor.Compiler/Microsoft.NET.Sdk.Razor.SourceGenerators.RazorSourceGenerator/Views_Admin_editgroup_cshtml.g.cs(365,96): error CS0234: The type or namespace name 'EditGroupViewModel' does not exist in the namespace 'SAFA_ECC_Core.ViewModels' (are you missing an assembly reference?) [/home/ubuntu/SAFA_ECC_Core_Clean/SAFA_ECC_Core.csproj]
/home/ubuntu/SAFA_ECC_Core_Clean/obj/Debug/net8.0/Microsoft.CodeAnalysis.Razor.Compiler/Microsoft.NET.Sdk.Razor.SourceGenerators.RazorSourceGenerator/Views_Admin_reportGeneration_cshtml.g.cs(38,107): error CS0246: The type or namespace name 'ReportGenerationViewModel' could not be found (are you missing a using directive or an assembly reference?) [/home/ubuntu/SAFA_ECC_Core_Clean/SAFA_ECC_Core.csproj]
/home/ubuntu/SAFA_ECC_Core_Clean/obj/Debug/net8.0/Microsoft.CodeAnalysis.Razor.Compiler/Microsoft.NET.Sdk.Razor.SourceGenerators.RazorSourceGenerator/Views_Admin_EditUser_cshtml.g.cs(32,124): error CS0234: The type or namespace name 'EditUserViewModel' does not exist in the namespace 'SAFA_ECC_Core.ViewModels' (are you missing an assembly reference?) [/home/ubuntu/SAFA_ECC_Core_Clean/SAFA_ECC_Core.csproj]
/home/ubuntu/SAFA_ECC_Core_Clean/obj/Debug/net8.0/Microsoft.CodeAnalysis.Razor.Compiler/Microsoft.NET.Sdk.Razor.SourceGenerators.RazorSourceGenerator/Views_Admin_EditUser_cshtml.g.cs(705,96): error CS0234: The type or namespace name 'EditUserViewModel' does not exist in the namespace 'SAFA_ECC_Core.ViewModels' (are you missing an assembly reference?) [/home/ubuntu/SAFA_ECC_Core_Clean/SAFA_ECC_Core.csproj]
/home/ubuntu/SAFA_ECC_Core_Clean/obj/Debug/net8.0/Microsoft.CodeAnalysis.Razor.Compiler/Microsoft.NET.Sdk.Razor.SourceGenerators.RazorSourceGenerator/Views_Admin_reportGeneration_cshtml.g.cs(492,71): error CS0246: The type or namespace name 'ReportGenerationViewModel' could not be found (are you missing a using directive or an assembly reference?) [/home/ubuntu/SAFA_ECC_Core_Clean/SAFA_ECC_Core.csproj]
/home/ubuntu/SAFA_ECC_Core_Clean/obj/Debug/net8.0/Microsoft.CodeAnalysis.Razor.Compiler/Microsoft.NET.Sdk.Razor.SourceGenerators.RazorSourceGenerator/Views_PDC_PDCCheques_Auth_cshtml.g.cs(38,104): error CS0246: The type or namespace name 'PDCChequesAuthViewModel' could not be found (are you missing a using directive or an assembly reference?) [/home/ubuntu/SAFA_ECC_Core_Clean/SAFA_ECC_Core.csproj]
/home/ubuntu/SAFA_ECC_Core_Clean/obj/Debug/net8.0/Microsoft.CodeAnalysis.Razor.Compiler/Microsoft.NET.Sdk.Razor.SourceGenerators.RazorSourceGenerator/Views_PDC_PDCCheques_Auth_cshtml.g.cs(217,71): error CS0246: The type or namespace name 'PDCChequesAuthViewModel' could not be found (are you missing a using directive or an assembly reference?) [/home/ubuntu/SAFA_ECC_Core_Clean/SAFA_ECC_Core.csproj]
/home/ubuntu/SAFA_ECC_Core_Clean/obj/Debug/net8.0/Microsoft.CodeAnalysis.Razor.Compiler/Microsoft.NET.Sdk.Razor.SourceGenerators.RazorSourceGenerator/Views_Facilities_CUSTOMER_CONCENTRATE_cshtml.g.cs(38,116): error CS0246: The type or namespace name 'CustomerConcentrateViewModel' could not be found (are you missing a using directive or an assembly reference?) [/home/ubuntu/SAFA_ECC_Core_Clean/SAFA_ECC_Core.csproj]
/home/ubuntu/SAFA_ECC_Core_Clean/obj/Debug/net8.0/Microsoft.CodeAnalysis.Razor.Compiler/Microsoft.NET.Sdk.Razor.SourceGenerators.RazorSourceGenerator/Views_Facilities_CUSTOMER_CONCENTRATE_cshtml.g.cs(328,71): error CS0246: The type or namespace name 'CustomerConcentrateViewModel' could not be found (are you missing a using directive or an assembly reference?) [/home/ubuntu/SAFA_ECC_Core_Clean/SAFA_ECC_Core.csproj]
/home/ubuntu/SAFA_ECC_Core_Clean/obj/Debug/net8.0/Microsoft.CodeAnalysis.Razor.Compiler/Microsoft.NET.Sdk.Razor.SourceGenerators.RazorSourceGenerator/Views_Admin_systemMonitoring_cshtml.g.cs(32,132): error CS0234: The type or namespace name 'SystemMonitoringViewModel' does not exist in the namespace 'SAFA_ECC_Core.ViewModels' (are you missing an assembly reference?) [/home/ubuntu/SAFA_ECC_Core_Clean/SAFA_ECC_Core.csproj]
/home/ubuntu/SAFA_ECC_Core_Clean/obj/Debug/net8.0/Microsoft.CodeAnalysis.Razor.Compiler/Microsoft.NET.Sdk.Razor.SourceGenerators.RazorSourceGenerator/Views_Admin_systemMonitoring_cshtml.g.cs(335,96): error CS0234: The type or namespace name 'SystemMonitoringViewModel' does not exist in the namespace 'SAFA_ECC_Core.ViewModels' (are you missing an assembly reference?) [/home/ubuntu/SAFA_ECC_Core_Clean/SAFA_ECC_Core.csproj]
/home/ubuntu/SAFA_ECC_Core_Clean/obj/Debug/net8.0/Microsoft.CodeAnalysis.Razor.Compiler/Microsoft.NET.Sdk.Razor.SourceGenerators.RazorSourceGenerator/Views_Facilities_ReportPage_cshtml.g.cs(38,106): error CS0246: The type or namespace name 'ReportViewModel' could not be found (are you missing a using directive or an assembly reference?) [/home/ubuntu/SAFA_ECC_Core_Clean/SAFA_ECC_Core.csproj]
/home/ubuntu/SAFA_ECC_Core_Clean/obj/Debug/net8.0/Microsoft.CodeAnalysis.Razor.Compiler/Microsoft.NET.Sdk.Razor.SourceGenerators.RazorSourceGenerator/Views_Inward_ReturnInwardStoppedChequeDetails_cshtml.g.cs(38,124): error CS0246: The type or namespace name 'StoppedChequeDetailsViewModel' could not be found (are you missing a using directive or an assembly reference?) [/home/ubuntu/SAFA_ECC_Core_Clean/SAFA_ECC_Core.csproj]
/home/ubuntu/SAFA_ECC_Core_Clean/obj/Debug/net8.0/Microsoft.CodeAnalysis.Razor.Compiler/Microsoft.NET.Sdk.Razor.SourceGenerators.RazorSourceGenerator/Views_Admin_userlist_cshtml.g.cs(38,99): error CS0246: The type or namespace name 'UserListViewModel' could not be found (are you missing a using directive or an assembly reference?) [/home/ubuntu/SAFA_ECC_Core_Clean/SAFA_ECC_Core.csproj]
/home/ubuntu/SAFA_ECC_Core_Clean/obj/Debug/net8.0/Microsoft.CodeAnalysis.Razor.Compiler/Microsoft.NET.Sdk.Razor.SourceGenerators.RazorSourceGenerator/Views_Facilities_ReportPage_cshtml.g.cs(355,71): error CS0246: The type or namespace name 'ReportViewModel' could not be found (are you missing a using directive or an assembly reference?) [/home/ubuntu/SAFA_ECC_Core_Clean/SAFA_ECC_Core.csproj]
/home/ubuntu/SAFA_ECC_Core_Clean/obj/Debug/net8.0/Microsoft.CodeAnalysis.Razor.Compiler/Microsoft.NET.Sdk.Razor.SourceGenerators.RazorSourceGenerator/Views_Inward_ReturnInwardStoppedChequeDetails_cshtml.g.cs(270,71): error CS0246: The type or namespace name 'StoppedChequeDetailsViewModel' could not be found (are you missing a using directive or an assembly reference?) [/home/ubuntu/SAFA_ECC_Core_Clean/SAFA_ECC_Core.csproj]
/home/ubuntu/SAFA_ECC_Core_Clean/obj/Debug/net8.0/Microsoft.CodeAnalysis.Razor.Compiler/Microsoft.NET.Sdk.Razor.SourceGenerators.RazorSourceGenerator/Views_Admin_userlist_cshtml.g.cs(575,71): error CS0246: The type or namespace name 'UserListViewModel' could not be found (are you missing a using directive or an assembly reference?) [/home/ubuntu/SAFA_ECC_Core_Clean/SAFA_ECC_Core.csproj]
/home/ubuntu/SAFA_ECC_Core_Clean/obj/Debug/net8.0/Microsoft.CodeAnalysis.Razor.Compiler/Microsoft.NET.Sdk.Razor.SourceGenerators.RazorSourceGenerator/Views_Financial_User_Financial_Auth_cshtml.g.cs(38,114): error CS0246: The type or namespace name 'UserFinancialAuthViewModel' could not be found (are you missing a using directive or an assembly reference?) [/home/ubuntu/SAFA_ECC_Core_Clean/SAFA_ECC_Core.csproj]
/home/ubuntu/SAFA_ECC_Core_Clean/obj/Debug/net8.0/Microsoft.CodeAnalysis.Razor.Compiler/Microsoft.NET.Sdk.Razor.SourceGenerators.RazorSourceGenerator/Views_Financial_User_Financial_Auth_cshtml.g.cs(757,71): error CS0246: The type or namespace name 'UserFinancialAuthViewModel' could not be found (are you missing a using directive or an assembly reference?) [/home/ubuntu/SAFA_ECC_Core_Clean/SAFA_ECC_Core.csproj]
/home/ubuntu/SAFA_ECC_Core_Clean/obj/Debug/net8.0/Microsoft.CodeAnalysis.Razor.Compiler/Microsoft.NET.Sdk.Razor.SourceGenerators.RazorSourceGenerator/Views_Authentication_Outword_details_cshtml.g.cs(32,140): error CS0234: The type or namespace name 'OutwordDetailsViewModel' does not exist in the namespace 'SAFA_ECC_Core.ViewModels' (are you missing an assembly reference?) [/home/ubuntu/SAFA_ECC_Core_Clean/SAFA_ECC_Core.csproj]
/home/ubuntu/SAFA_ECC_Core_Clean/obj/Debug/net8.0/Microsoft.CodeAnalysis.Razor.Compiler/Microsoft.NET.Sdk.Razor.SourceGenerators.RazorSourceGenerator/Views_Inward_test_amani_cshtml.g.cs(32,140): error CS0426: The type name 'InwardViewModel' does not exist in the type 'InwardModule' [/home/ubuntu/SAFA_ECC_Core_Clean/SAFA_ECC_Core.csproj]
/home/ubuntu/SAFA_ECC_Core_Clean/obj/Debug/net8.0/Microsoft.CodeAnalysis.Razor.Compiler/Microsoft.NET.Sdk.Razor.SourceGenerators.RazorSourceGenerator/Views_Authentication_Outword_details_cshtml.g.cs(475,96): error CS0234: The type or namespace name 'OutwordDetailsViewModel' does not exist in the namespace 'SAFA_ECC_Core.ViewModels' (are you missing an assembly reference?) [/home/ubuntu/SAFA_ECC_Core_Clean/SAFA_ECC_Core.csproj]
/home/ubuntu/SAFA_ECC_Core_Clean/obj/Debug/net8.0/Microsoft.CodeAnalysis.Razor.Compiler/Microsoft.NET.Sdk.Razor.SourceGenerators.RazorSourceGenerator/Views_Inward_test_amani_cshtml.g.cs(576,109): error CS0426: The type name 'InwardViewModel' does not exist in the type 'InwardModule' [/home/ubuntu/SAFA_ECC_Core_Clean/SAFA_ECC_Core.csproj]
/home/ubuntu/SAFA_ECC_Core_Clean/obj/Debug/net8.0/Microsoft.CodeAnalysis.Razor.Compiler/Microsoft.NET.Sdk.Razor.SourceGenerators.RazorSourceGenerator/Views_Commissions_Index_cshtml.g.cs(578,96): error CS0234: The type or namespace name 'CommissionsIndexViewModel' does not exist in the namespace 'SAFA_ECC_Core.ViewModels' (are you missing an assembly reference?) [/home/ubuntu/SAFA_ECC_Core_Clean/SAFA_ECC_Core.csproj]
/home/ubuntu/SAFA_ECC_Core_Clean/obj/Debug/net8.0/Microsoft.CodeAnalysis.Razor.Compiler/Microsoft.NET.Sdk.Razor.SourceGenerators.RazorSourceGenerator/Views_Authentication_Outword_details_onus_cshtml.g.cs(32,145): error CS0234: The type or namespace name 'OutwordDetailsViewModel' does not exist in the namespace 'SAFA_ECC_Core.ViewModels' (are you missing an assembly reference?) [/home/ubuntu/SAFA_ECC_Core_Clean/SAFA_ECC_Core.csproj]
/home/ubuntu/SAFA_ECC_Core_Clean/obj/Debug/net8.0/Microsoft.CodeAnalysis.Razor.Compiler/Microsoft.NET.Sdk.Razor.SourceGenerators.RazorSourceGenerator/Views_Commissions_Report_cshtml.g.cs(32,128): error CS0234: The type or namespace name 'CommissionsReportViewModel' does not exist in the namespace 'SAFA_ECC_Core.ViewModels' (are you missing an assembly reference?) [/home/ubuntu/SAFA_ECC_Core_Clean/SAFA_ECC_Core.csproj]
/home/ubuntu/SAFA_ECC_Core_Clean/obj/Debug/net8.0/Microsoft.CodeAnalysis.Razor.Compiler/Microsoft.NET.Sdk.Razor.SourceGenerators.RazorSourceGenerator/Views_Authentication_Outword_details_onus_cshtml.g.cs(368,96): error CS0234: The type or namespace name 'OutwordDetailsViewModel' does not exist in the namespace 'SAFA_ECC_Core.ViewModels' (are you missing an assembly reference?) [/home/ubuntu/SAFA_ECC_Core_Clean/SAFA_ECC_Core.csproj]
/home/ubuntu/SAFA_ECC_Core_Clean/obj/Debug/net8.0/Microsoft.CodeAnalysis.Razor.Compiler/Microsoft.NET.Sdk.Razor.SourceGenerators.RazorSourceGenerator/Views_Commissions_Report_cshtml.g.cs(493,96): error CS0234: The type or namespace name 'CommissionsReportViewModel' does not exist in the namespace 'SAFA_ECC_Core.ViewModels' (are you missing an assembly reference?) [/home/ubuntu/SAFA_ECC_Core_Clean/SAFA_ECC_Core.csproj]
/home/ubuntu/SAFA_ECC_Core_Clean/obj/Debug/net8.0/Microsoft.CodeAnalysis.Razor.Compiler/Microsoft.NET.Sdk.Razor.SourceGenerators.RazorSourceGenerator/Views_Authentication_Pendding_Request_cshtml.g.cs(38,116): error CS0246: The type or namespace name 'PenddingRequestViewModel' could not be found (are you missing a using directive or an assembly reference?) [/home/ubuntu/SAFA_ECC_Core_Clean/SAFA_ECC_Core.csproj]
/home/ubuntu/SAFA_ECC_Core_Clean/obj/Debug/net8.0/Microsoft.CodeAnalysis.Razor.Compiler/Microsoft.NET.Sdk.Razor.SourceGenerators.RazorSourceGenerator/Views_Authentication_PDC_details_cshtml.g.cs(32,136): error CS0234: The type or namespace name 'PDCDetailsViewModel' does not exist in the namespace 'SAFA_ECC_Core.ViewModels' (are you missing an assembly reference?) [/home/ubuntu/SAFA_ECC_Core_Clean/SAFA_ECC_Core.csproj]
/home/ubuntu/SAFA_ECC_Core_Clean/obj/Debug/net8.0/Microsoft.CodeAnalysis.Razor.Compiler/Microsoft.NET.Sdk.Razor.SourceGenerators.RazorSourceGenerator/Views_Authentication_PDC_details_cshtml.g.cs(478,96): error CS0234: The type or namespace name 'PDCDetailsViewModel' does not exist in the namespace 'SAFA_ECC_Core.ViewModels' (are you missing an assembly reference?) [/home/ubuntu/SAFA_ECC_Core_Clean/SAFA_ECC_Core.csproj]
/home/ubuntu/SAFA_ECC_Core_Clean/obj/Debug/net8.0/Microsoft.CodeAnalysis.Razor.Compiler/Microsoft.NET.Sdk.Razor.SourceGenerators.RazorSourceGenerator/Views_Authentication_Pendding_OutWord_Request1_cshtml.g.cs(38,125): error CS0246: The type or namespace name 'Pendding_OutWord_Request1ViewModel' could not be found (are you missing a using directive or an assembly reference?) [/home/ubuntu/SAFA_ECC_Core_Clean/SAFA_ECC_Core.csproj]
/home/ubuntu/SAFA_ECC_Core_Clean/obj/Debug/net8.0/Microsoft.CodeAnalysis.Razor.Compiler/Microsoft.NET.Sdk.Razor.SourceGenerators.RazorSourceGenerator/Views_Authentication_Pendding_Request_cshtml.g.cs(271,71): error CS0246: The type or namespace name 'PenddingRequestViewModel' could not be found (are you missing a using directive or an assembly reference?) [/home/ubuntu/SAFA_ECC_Core_Clean/SAFA_ECC_Core.csproj]
/home/ubuntu/SAFA_ECC_Core_Clean/obj/Debug/net8.0/Microsoft.CodeAnalysis.Razor.Compiler/Microsoft.NET.Sdk.Razor.SourceGenerators.RazorSourceGenerator/Views_Inward_ViewDetailsinwarad_cshtml.g.cs(38,110): error CS0246: The type or namespace name 'InwardDetailsViewModel' could not be found (are you missing a using directive or an assembly reference?) [/home/ubuntu/SAFA_ECC_Core_Clean/SAFA_ECC_Core.csproj]
/home/ubuntu/SAFA_ECC_Core_Clean/obj/Debug/net8.0/Microsoft.CodeAnalysis.Razor.Compiler/Microsoft.NET.Sdk.Razor.SourceGenerators.RazorSourceGenerator/Views_Authentication_Pendding_OutWord_Request1_cshtml.g.cs(372,71): error CS0246: The type or namespace name 'Pendding_OutWord_Request1ViewModel' could not be found (are you missing a using directive or an assembly reference?) [/home/ubuntu/SAFA_ECC_Core_Clean/SAFA_ECC_Core.csproj]
/home/ubuntu/SAFA_ECC_Core_Clean/obj/Debug/net8.0/Microsoft.CodeAnalysis.Razor.Compiler/Microsoft.NET.Sdk.Razor.SourceGenerators.RazorSourceGenerator/Views_Inward_ViewDetailsinwarad_cshtml.g.cs(295,71): error CS0246: The type or namespace name 'InwardDetailsViewModel' could not be found (are you missing a using directive or an assembly reference?) [/home/ubuntu/SAFA_ECC_Core_Clean/SAFA_ECC_Core.csproj]
/home/ubuntu/SAFA_ECC_Core_Clean/obj/Debug/net8.0/Microsoft.CodeAnalysis.Razor.Compiler/Microsoft.NET.Sdk.Razor.SourceGenerators.RazorSourceGenerator/Views_ChequeViewer_ChequesSearch_cshtml.g.cs(38,111): error CS0246: The type or namespace name 'ChequesSearchViewModel' could not be found (are you missing a using directive or an assembly reference?) [/home/ubuntu/SAFA_ECC_Core_Clean/SAFA_ECC_Core.csproj]
/home/ubuntu/SAFA_ECC_Core_Clean/obj/Debug/net8.0/Microsoft.CodeAnalysis.Razor.Compiler/Microsoft.NET.Sdk.Razor.SourceGenerators.RazorSourceGenerator/Views_ChequeViewer_ChequesSearch_cshtml.g.cs(530,71): error CS0246: The type or namespace name 'ChequesSearchViewModel' could not be found (are you missing a using directive or an assembly reference?) [/home/ubuntu/SAFA_ECC_Core_Clean/SAFA_ECC_Core.csproj]
/home/ubuntu/SAFA_ECC_Core_Clean/obj/Debug/net8.0/Microsoft.CodeAnalysis.Razor.Compiler/Microsoft.NET.Sdk.Razor.SourceGenerators.RazorSourceGenerator/Views_ChequeViewer_ChequesSearch_old_cshtml.g.cs(38,115): error CS0246: The type or namespace name 'ChequeSearchViewModel' could not be found (are you missing a using directive or an assembly reference?) [/home/ubuntu/SAFA_ECC_Core_Clean/SAFA_ECC_Core.csproj]
/home/ubuntu/SAFA_ECC_Core_Clean/obj/Debug/net8.0/Microsoft.CodeAnalysis.Razor.Compiler/Microsoft.NET.Sdk.Razor.SourceGenerators.RazorSourceGenerator/Views_Inward_WFChqStatus_cshtml.g.cs(38,103): error CS0246: The type or namespace name 'WFChqStatusViewModel' could not be found (are you missing a using directive or an assembly reference?) [/home/ubuntu/SAFA_ECC_Core_Clean/SAFA_ECC_Core.csproj]
/home/ubuntu/SAFA_ECC_Core_Clean/obj/Debug/net8.0/Microsoft.CodeAnalysis.Razor.Compiler/Microsoft.NET.Sdk.Razor.SourceGenerators.RazorSourceGenerator/Views_ChequeViewer_ChequesSearch_old_cshtml.g.cs(426,71): error CS0246: The type or namespace name 'ChequeSearchViewModel' could not be found (are you missing a using directive or an assembly reference?) [/home/ubuntu/SAFA_ECC_Core_Clean/SAFA_ECC_Core.csproj]
/home/ubuntu/SAFA_ECC_Core_Clean/obj/Debug/net8.0/Microsoft.CodeAnalysis.Razor.Compiler/Microsoft.NET.Sdk.Razor.SourceGenerators.RazorSourceGenerator/Views_Inward_WFChqStatus_cshtml.g.cs(350,71): error CS0246: The type or namespace name 'WFChqStatusViewModel' could not be found (are you missing a using directive or an assembly reference?) [/home/ubuntu/SAFA_ECC_Core_Clean/SAFA_ECC_Core.csproj]
/home/ubuntu/SAFA_ECC_Core_Clean/obj/Debug/net8.0/Microsoft.CodeAnalysis.Razor.Compiler/Microsoft.NET.Sdk.Razor.SourceGenerators.RazorSourceGenerator/Views_Login_Index_cshtml.g.cs(32,121): error CS0234: The type or namespace name 'LoginViewModel' does not exist in the namespace 'SAFA_ECC_Core.ViewModels' (are you missing an assembly reference?) [/home/ubuntu/SAFA_ECC_Core_Clean/SAFA_ECC_Core.csproj]
/home/ubuntu/SAFA_ECC_Core_Clean/obj/Debug/net8.0/Microsoft.CodeAnalysis.Razor.Compiler/Microsoft.NET.Sdk.Razor.SourceGenerators.RazorSourceGenerator/Views_Login_Index_cshtml.g.cs(355,96): error CS0234: The type or namespace name 'LoginViewModel' does not exist in the namespace 'SAFA_ECC_Core.ViewModels' (are you missing an assembly reference?) [/home/ubuntu/SAFA_ECC_Core_Clean/SAFA_ECC_Core.csproj]
/home/ubuntu/SAFA_ECC_Core_Clean/obj/Debug/net8.0/Microsoft.CodeAnalysis.Razor.Compiler/Microsoft.NET.Sdk.Razor.SourceGenerators.RazorSourceGenerator/Views_ChequeViewer_PrintAllOutwardCHQ_cshtml.g.cs(38,116): error CS0246: The type or namespace name 'PrintAllOutwardCHQViewModel' could not be found (are you missing a using directive or an assembly reference?) [/home/ubuntu/SAFA_ECC_Core_Clean/SAFA_ECC_Core.csproj]
/home/ubuntu/SAFA_ECC_Core_Clean/obj/Debug/net8.0/Microsoft.CodeAnalysis.Razor.Compiler/Microsoft.NET.Sdk.Razor.SourceGenerators.RazorSourceGenerator/Views_ChequeViewer_PrintAllOutwardCHQ_cshtml.g.cs(409,71): error CS0246: The type or namespace name 'PrintAllOutwardCHQViewModel' could not be found (are you missing a using directive or an assembly reference?) [/home/ubuntu/SAFA_ECC_Core_Clean/SAFA_ECC_Core.csproj]
/home/ubuntu/SAFA_ECC_Core_Clean/obj/Debug/net8.0/Microsoft.CodeAnalysis.Razor.Compiler/Microsoft.NET.Sdk.Razor.SourceGenerators.RazorSourceGenerator/Views_ChequeViewer_PrintCheque_Details_cshtml.g.cs(38,117): error CS0246: The type or namespace name 'PrintChequeDetailsViewModel' could not be found (are you missing a using directive or an assembly reference?) [/home/ubuntu/SAFA_ECC_Core_Clean/SAFA_ECC_Core.csproj]
/home/ubuntu/SAFA_ECC_Core_Clean/obj/Debug/net8.0/Microsoft.CodeAnalysis.Razor.Compiler/Microsoft.NET.Sdk.Razor.SourceGenerators.RazorSourceGenerator/Views_PDC_FaildPostDateVerficationDetails_Auth_cshtml.g.cs(514,71): error CS0246: The type or namespace name 'FaildPostDateVerficationDetailsViewModel' could not be found (are you missing a using directive or an assembly reference?) [/home/ubuntu/SAFA_ECC_Core_Clean/SAFA_ECC_Core.csproj]
/home/ubuntu/SAFA_ECC_Core_Clean/obj/Debug/net8.0/Microsoft.CodeAnalysis.Razor.Compiler/Microsoft.NET.Sdk.Razor.SourceGenerators.RazorSourceGenerator/Views_ChequeViewer_PrintCheque_Details_cshtml.g.cs(344,71): error CS0246: The type or namespace name 'PrintChequeDetailsViewModel' could not be found (are you missing a using directive or an assembly reference?) [/home/ubuntu/SAFA_ECC_Core_Clean/SAFA_ECC_Core.csproj]
/home/ubuntu/SAFA_ECC_Core_Clean/obj/Debug/net8.0/Microsoft.CodeAnalysis.Razor.Compiler/Microsoft.NET.Sdk.Razor.SourceGenerators.RazorSourceGenerator/Views_Commissions_CommisionReport_cshtml.g.cs(38,112): error CS0246: The type or namespace name 'CommissionReportViewModel' could not be found (are you missing a using directive or an assembly reference?) [/home/ubuntu/SAFA_ECC_Core_Clean/SAFA_ECC_Core.csproj]
/home/ubuntu/SAFA_ECC_Core_Clean/obj/Debug/net8.0/Microsoft.CodeAnalysis.Razor.Compiler/Microsoft.NET.Sdk.Razor.SourceGenerators.RazorSourceGenerator/Views_Outward_Get_ReturnedSlipDetails_cshtml.g.cs(365,104): error CS0426: The type name 'ReturnedSlipDetailsViewModel' does not exist in the type 'Outward' [/home/ubuntu/SAFA_ECC_Core_Clean/SAFA_ECC_Core.csproj]
/home/ubuntu/SAFA_ECC_Core_Clean/obj/Debug/net8.0/Microsoft.CodeAnalysis.Razor.Compiler/Microsoft.NET.Sdk.Razor.SourceGenerators.RazorSourceGenerator/Views_Outward_Get_ReturnedSlipDetails_cshtml.g.cs(367,114): error CS0426: The type name 'ReturnedSlipDetailsViewModel' does not exist in the type 'Outward' [/home/ubuntu/SAFA_ECC_Core_Clean/SAFA_ECC_Core.csproj]
/home/ubuntu/SAFA_ECC_Core_Clean/obj/Debug/net8.0/Microsoft.CodeAnalysis.Razor.Compiler/Microsoft.NET.Sdk.Razor.SourceGenerators.RazorSourceGenerator/Views_Outward_Get_ReturnedSlipDetails_cshtml.g.cs(368,49): error CS0426: The type name 'ReturnedSlipDetailsViewModel' does not exist in the type 'Outward' [/home/ubuntu/SAFA_ECC_Core_Clean/SAFA_ECC_Core.csproj]
/home/ubuntu/SAFA_ECC_Core_Clean/obj/Debug/net8.0/Microsoft.CodeAnalysis.Razor.Compiler/Microsoft.NET.Sdk.Razor.SourceGenerators.RazorSourceGenerator/Views_Commissions_CommisionReport_cshtml.g.cs(268,71): error CS0246: The type or namespace name 'CommissionReportViewModel' could not be found (are you missing a using directive or an assembly reference?) [/home/ubuntu/SAFA_ECC_Core_Clean/SAFA_ECC_Core.csproj]
/home/ubuntu/SAFA_ECC_Core_Clean/obj/Debug/net8.0/Microsoft.CodeAnalysis.Razor.Compiler/Microsoft.NET.Sdk.Razor.SourceGenerators.RazorSourceGenerator/Views_Commissions_CommisionsDetails_cshtml.g.cs(38,114): error CS0246: The type or namespace name 'CommissionDetailsViewModel' could not be found (are you missing a using directive or an assembly reference?) [/home/ubuntu/SAFA_ECC_Core_Clean/SAFA_ECC_Core.csproj]
/home/ubuntu/SAFA_ECC_Core_Clean/obj/Debug/net8.0/Microsoft.CodeAnalysis.Razor.Compiler/Microsoft.NET.Sdk.Razor.SourceGenerators.RazorSourceGenerator/Views_Commissions_CommisionsDetails_cshtml.g.cs(405,71): error CS0246: The type or namespace name 'CommissionDetailsViewModel' could not be found (are you missing a using directive or an assembly reference?) [/home/ubuntu/SAFA_ECC_Core_Clean/SAFA_ECC_Core.csproj]
/home/ubuntu/SAFA_ECC_Core_Clean/obj/Debug/net8.0/Microsoft.CodeAnalysis.Razor.Compiler/Microsoft.NET.Sdk.Razor.SourceGenerators.RazorSourceGenerator/Views_Admin_backupRestore_cshtml.g.cs(32,129): error CS0234: The type or namespace name 'BackupRestoreViewModel' does not exist in the namespace 'SAFA_ECC_Core.ViewModels' (are you missing an assembly reference?) [/home/ubuntu/SAFA_ECC_Core_Clean/SAFA_ECC_Core.csproj]
/home/ubuntu/SAFA_ECC_Core_Clean/obj/Debug/net8.0/Microsoft.CodeAnalysis.Razor.Compiler/Microsoft.NET.Sdk.Razor.SourceGenerators.RazorSourceGenerator/Views_Admin_Index_cshtml.g.cs(32,121): error CS0234: The type or namespace name 'AdminDashboardViewModel' does not exist in the namespace 'SAFA_ECC_Core.ViewModels' (are you missing an assembly reference?) [/home/ubuntu/SAFA_ECC_Core_Clean/SAFA_ECC_Core.csproj]
/home/ubuntu/SAFA_ECC_Core_Clean/obj/Debug/net8.0/Microsoft.CodeAnalysis.Razor.Compiler/Microsoft.NET.Sdk.Razor.SourceGenerators.RazorSourceGenerator/Views_Inward_Posting_Restrictions_cshtml.g.cs(38,112): error CS0246: The type or namespace name 'PostingRestrictionsViewModel' could not be found (are you missing a using directive or an assembly reference?) [/home/ubuntu/SAFA_ECC_Core_Clean/SAFA_ECC_Core.csproj]
/home/ubuntu/SAFA_ECC_Core_Clean/obj/Debug/net8.0/Microsoft.CodeAnalysis.Razor.Compiler/Microsoft.NET.Sdk.Razor.SourceGenerators.RazorSourceGenerator/Views_Financial_group_Financial_Auth_cshtml.g.cs(38,115): error CS0246: The type or namespace name 'FinancialAuthViewModel' could not be found (are you missing a using directive or an assembly reference?) [/home/ubuntu/SAFA_ECC_Core_Clean/SAFA_ECC_Core.csproj]
/home/ubuntu/SAFA_ECC_Core_Clean/obj/Debug/net8.0/Microsoft.CodeAnalysis.Razor.Compiler/Microsoft.NET.Sdk.Razor.SourceGenerators.RazorSourceGenerator/Views_Admin_backupRestore_cshtml.g.cs(416,96): error CS0234: The type or namespace name 'BackupRestoreViewModel' does not exist in the namespace 'SAFA_ECC_Core.ViewModels' (are you missing an assembly reference?) [/home/ubuntu/SAFA_ECC_Core_Clean/SAFA_ECC_Core.csproj]
/home/ubuntu/SAFA_ECC_Core_Clean/obj/Debug/net8.0/Microsoft.CodeAnalysis.Razor.Compiler/Microsoft.NET.Sdk.Razor.SourceGenerators.RazorSourceGenerator/Views_Financial_group_Financial_Auth_cshtml.g.cs(281,71): error CS0246: The type or namespace name 'FinancialAuthViewModel' could not be found (are you missing a using directive or an assembly reference?) [/home/ubuntu/SAFA_ECC_Core_Clean/SAFA_ECC_Core.csproj]
/home/ubuntu/SAFA_ECC_Core_Clean/obj/Debug/net8.0/Microsoft.CodeAnalysis.Razor.Compiler/Microsoft.NET.Sdk.Razor.SourceGenerators.RazorSourceGenerator/Views_Admin_AuditLogs_cshtml.g.cs(38,100): error CS0246: The type or namespace name 'AuditLogsViewModel' could not be found (are you missing a using directive or an assembly reference?) [/home/ubuntu/SAFA_ECC_Core_Clean/SAFA_ECC_Core.csproj]
/home/ubuntu/SAFA_ECC_Core_Clean/obj/Debug/net8.0/Microsoft.CodeAnalysis.Razor.Compiler/Microsoft.NET.Sdk.Razor.SourceGenerators.RazorSourceGenerator/Views_Admin_AuditLogs_cshtml.g.cs(393,71): error CS0246: The type or namespace name 'AuditLogsViewModel' could not be found (are you missing a using directive or an assembly reference?) [/home/ubuntu/SAFA_ECC_Core_Clean/SAFA_ECC_Core.csproj]
/home/ubuntu/SAFA_ECC_Core_Clean/obj/Debug/net8.0/Microsoft.CodeAnalysis.Razor.Compiler/Microsoft.NET.Sdk.Razor.SourceGenerators.RazorSourceGenerator/Views_Authentication_Rejected_Request_cshtml.g.cs(38,116): error CS0246: The type or namespace name 'RejectedRequestViewModel' could not be found (are you missing a using directive or an assembly reference?) [/home/ubuntu/SAFA_ECC_Core_Clean/SAFA_ECC_Core.csproj]
/home/ubuntu/SAFA_ECC_Core_Clean/obj/Debug/net8.0/Microsoft.CodeAnalysis.Razor.Compiler/Microsoft.NET.Sdk.Razor.SourceGenerators.RazorSourceGenerator/Views_Inward_ADDEmail_cshtml.g.cs(38,100): error CS0246: The type or namespace name 'ADDEmailViewModel' could not be found (are you missing a using directive or an assembly reference?) [/home/ubuntu/SAFA_ECC_Core_Clean/SAFA_ECC_Core.csproj]
/home/ubuntu/SAFA_ECC_Core_Clean/obj/Debug/net8.0/Microsoft.CodeAnalysis.Razor.Compiler/Microsoft.NET.Sdk.Razor.SourceGenerators.RazorSourceGenerator/Views_Inward_FixedError_cshtml.g.cs(38,102): error CS0246: The type or namespace name 'FixedErrorViewModel' could not be found (are you missing a using directive or an assembly reference?) [/home/ubuntu/SAFA_ECC_Core_Clean/SAFA_ECC_Core.csproj]
/home/ubuntu/SAFA_ECC_Core_Clean/obj/Debug/net8.0/Microsoft.CodeAnalysis.Razor.Compiler/Microsoft.NET.Sdk.Razor.SourceGenerators.RazorSourceGenerator/Views_Admin_Index_cshtml.g.cs(553,96): error CS0234: The type or namespace name 'AdminDashboardViewModel' does not exist in the namespace 'SAFA_ECC_Core.ViewModels' (are you missing an assembly reference?) [/home/ubuntu/SAFA_ECC_Core_Clean/SAFA_ECC_Core.csproj]
/home/ubuntu/SAFA_ECC_Core_Clean/obj/Debug/net8.0/Microsoft.CodeAnalysis.Razor.Compiler/Microsoft.NET.Sdk.Razor.SourceGenerators.RazorSourceGenerator/Views_Inward_InwardDataChequeViewr_cshtml.g.cs(38,113): error CS0246: The type or namespace name 'InwardDataChequeViewrViewModel' could not be found (are you missing a using directive or an assembly reference?) [/home/ubuntu/SAFA_ECC_Core_Clean/SAFA_ECC_Core.csproj]
/home/ubuntu/SAFA_ECC_Core_Clean/obj/Debug/net8.0/Microsoft.CodeAnalysis.Razor.Compiler/Microsoft.NET.Sdk.Razor.SourceGenerators.RazorSourceGenerator/Views_Inward_Posting_Restrictions_cshtml.g.cs(792,71): error CS0246: The type or namespace name 'PostingRestrictionsViewModel' could not be found (are you missing a using directive or an assembly reference?) [/home/ubuntu/SAFA_ECC_Core_Clean/SAFA_ECC_Core.csproj]
/home/ubuntu/SAFA_ECC_Core_Clean/obj/Debug/net8.0/Microsoft.CodeAnalysis.Razor.Compiler/Microsoft.NET.Sdk.Razor.SourceGenerators.RazorSourceGenerator/Views_Authentication_Rejected_Request_cshtml.g.cs(318,71): error CS0246: The type or namespace name 'RejectedRequestViewModel' could not be found (are you missing a using directive or an assembly reference?) [/home/ubuntu/SAFA_ECC_Core_Clean/SAFA_ECC_Core.csproj]
/home/ubuntu/SAFA_ECC_Core_Clean/obj/Debug/net8.0/Microsoft.CodeAnalysis.Razor.Compiler/Microsoft.NET.Sdk.Razor.SourceGenerators.RazorSourceGenerator/Views_Inward_InsufficientFunds_cshtml.g.cs(38,109): error CS0246: The type or namespace name 'InsufficientFundsViewModel' could not be found (are you missing a using directive or an assembly reference?) [/home/ubuntu/SAFA_ECC_Core_Clean/SAFA_ECC_Core.csproj]
/home/ubuntu/SAFA_ECC_Core_Clean/obj/Debug/net8.0/Microsoft.CodeAnalysis.Razor.Compiler/Microsoft.NET.Sdk.Razor.SourceGenerators.RazorSourceGenerator/Views_Inward_InsufficientFunds_cshtml.g.cs(296,71): error CS0246: The type or namespace name 'InsufficientFundsViewModel' could not be found (are you missing a using directive or an assembly reference?) [/home/ubuntu/SAFA_ECC_Core_Clean/SAFA_ECC_Core.csproj]
/home/ubuntu/SAFA_ECC_Core_Clean/obj/Debug/net8.0/Microsoft.CodeAnalysis.Razor.Compiler/Microsoft.NET.Sdk.Razor.SourceGenerators.RazorSourceGenerator/Views_Inward_InwardCustomerDues_cshtml.g.cs(38,110): error CS0246: The type or namespace name 'InwardCustomerDuesViewModel' could not be found (are you missing a using directive or an assembly reference?) [/home/ubuntu/SAFA_ECC_Core_Clean/SAFA_ECC_Core.csproj]
/home/ubuntu/SAFA_ECC_Core_Clean/obj/Debug/net8.0/Microsoft.CodeAnalysis.Razor.Compiler/Microsoft.NET.Sdk.Razor.SourceGenerators.RazorSourceGenerator/Views_Inward_ADDEmail_cshtml.g.cs(617,71): error CS0246: The type or namespace name 'ADDEmailViewModel' could not be found (are you missing a using directive or an assembly reference?) [/home/ubuntu/SAFA_ECC_Core_Clean/SAFA_ECC_Core.csproj]
/home/ubuntu/SAFA_ECC_Core_Clean/obj/Debug/net8.0/Microsoft.CodeAnalysis.Razor.Compiler/Microsoft.NET.Sdk.Razor.SourceGenerators.RazorSourceGenerator/Views_Inward_FixedError_cshtml.g.cs(597,71): error CS0246: The type or namespace name 'FixedErrorViewModel' could not be found (are you missing a using directive or an assembly reference?) [/home/ubuntu/SAFA_ECC_Core_Clean/SAFA_ECC_Core.csproj]
/home/ubuntu/SAFA_ECC_Core_Clean/obj/Debug/net8.0/Microsoft.CodeAnalysis.Razor.Compiler/Microsoft.NET.Sdk.Razor.SourceGenerators.RazorSourceGenerator/Views_Inward_InwardDataChequeViewr_cshtml.g.cs(324,71): error CS0246: The type or namespace name 'InwardDataChequeViewrViewModel' could not be found (are you missing a using directive or an assembly reference?) [/home/ubuntu/SAFA_ECC_Core_Clean/SAFA_ECC_Core.csproj]
/home/ubuntu/SAFA_ECC_Core_Clean/obj/Debug/net8.0/Microsoft.CodeAnalysis.Razor.Compiler/Microsoft.NET.Sdk.Razor.SourceGenerators.RazorSourceGenerator/Views_Inward_InwardDataChequeViewrONUS_cshtml.g.cs(32,142): error CS0234: The type or namespace name 'InwardDataChequeViewModel' does not exist in the namespace 'SAFA_ECC_Core.ViewModels' (are you missing an assembly reference?) [/home/ubuntu/SAFA_ECC_Core_Clean/SAFA_ECC_Core.csproj]
/home/ubuntu/SAFA_ECC_Core_Clean/obj/Debug/net8.0/Microsoft.CodeAnalysis.Razor.Compiler/Microsoft.NET.Sdk.Razor.SourceGenerators.RazorSourceGenerator/Views_Inward_InwardDataChequeViewrONUS_cshtml.g.cs(507,96): error CS0234: The type or namespace name 'InwardDataChequeViewModel' does not exist in the namespace 'SAFA_ECC_Core.ViewModels' (are you missing an assembly reference?) [/home/ubuntu/SAFA_ECC_Core_Clean/SAFA_ECC_Core.csproj]
/home/ubuntu/SAFA_ECC_Core_Clean/obj/Debug/net8.0/Microsoft.CodeAnalysis.Razor.Compiler/Microsoft.NET.Sdk.Razor.SourceGenerators.RazorSourceGenerator/Views_Inward_ChequeViewer_cshtml.g.cs(38,104): error CS0246: The type or namespace name 'ChequeViewerViewModel' could not be found (are you missing a using directive or an assembly reference?) [/home/ubuntu/SAFA_ECC_Core_Clean/SAFA_ECC_Core.csproj]
/home/ubuntu/SAFA_ECC_Core_Clean/obj/Debug/net8.0/Microsoft.CodeAnalysis.Razor.Compiler/Microsoft.NET.Sdk.Razor.SourceGenerators.RazorSourceGenerator/Views_Inward_InwardCustomerDues_cshtml.g.cs(300,71): error CS0246: The type or namespace name 'InwardCustomerDuesViewModel' could not be found (are you missing a using directive or an assembly reference?) [/home/ubuntu/SAFA_ECC_Core_Clean/SAFA_ECC_Core.csproj]
/home/ubuntu/SAFA_ECC_Core_Clean/obj/Debug/net8.0/Microsoft.CodeAnalysis.Razor.Compiler/Microsoft.NET.Sdk.Razor.SourceGenerators.RazorSourceGenerator/Views_Inward_ChequeViewer_cshtml.g.cs(309,71): error CS0246: The type or namespace name 'ChequeViewerViewModel' could not be found (are you missing a using directive or an assembly reference?) [/home/ubuntu/SAFA_ECC_Core_Clean/SAFA_ECC_Core.csproj]
/home/ubuntu/SAFA_ECC_Core_Clean/obj/Debug/net8.0/Microsoft.CodeAnalysis.Razor.Compiler/Microsoft.NET.Sdk.Razor.SourceGenerators.RazorSourceGenerator/Views_Inward_InwardCustomerDuesReport_cshtml.g.cs(32,141): error CS0234: The type or namespace name 'InwardCustomerDuesReportViewModel' does not exist in the namespace 'SAFA_ECC_Core.ViewModels' (are you missing an assembly reference?) [/home/ubuntu/SAFA_ECC_Core_Clean/SAFA_ECC_Core.csproj]
/home/ubuntu/SAFA_ECC_Core_Clean/obj/Debug/net8.0/Microsoft.CodeAnalysis.Razor.Compiler/Microsoft.NET.Sdk.Razor.SourceGenerators.RazorSourceGenerator/Views_Inward_InwardCustomerDuesReport_cshtml.g.cs(1497,96): error CS0234: The type or namespace name 'InwardCustomerDuesReportViewModel' does not exist in the namespace 'SAFA_ECC_Core.ViewModels' (are you missing an assembly reference?) [/home/ubuntu/SAFA_ECC_Core_Clean/SAFA_ECC_Core.csproj]
/home/ubuntu/SAFA_ECC_Core_Clean/obj/Debug/net8.0/Microsoft.CodeAnalysis.Razor.Compiler/Microsoft.NET.Sdk.Razor.SourceGenerators.RazorSourceGenerator/Views_Inward_Fix_Ret_CHQ_cshtml.g.cs(226,96): error CS0234: The type or namespace name 'Inward' does not exist in the namespace 'SAFA_ECC_Core.ViewModels' (are you missing an assembly reference?) [/home/ubuntu/SAFA_ECC_Core_Clean/SAFA_ECC_Core.csproj]
/home/ubuntu/SAFA_ECC_Core_Clean/obj/Debug/net8.0/Microsoft.CodeAnalysis.Razor.Compiler/Microsoft.NET.Sdk.Razor.SourceGenerators.RazorSourceGenerator/Views_Inward_Fix_Ret_CHQ_cshtml.g.cs(228,106): error CS0234: The type or namespace name 'Inward' does not exist in the namespace 'SAFA_ECC_Core.ViewModels' (are you missing an assembly reference?) [/home/ubuntu/SAFA_ECC_Core_Clean/SAFA_ECC_Core.csproj]
/home/ubuntu/SAFA_ECC_Core_Clean/obj/Debug/net8.0/Microsoft.CodeAnalysis.Razor.Compiler/Microsoft.NET.Sdk.Razor.SourceGenerators.RazorSourceGenerator/Views_Inward_Fix_Ret_CHQ_cshtml.g.cs(229,41): error CS0234: The type or namespace name 'Inward' does not exist in the namespace 'SAFA_ECC_Core.ViewModels' (are you missing an assembly reference?) [/home/ubuntu/SAFA_ECC_Core_Clean/SAFA_ECC_Core.csproj]
/home/ubuntu/SAFA_ECC_Core_Clean/obj/Debug/net8.0/Microsoft.CodeAnalysis.Razor.Compiler/Microsoft.NET.Sdk.Razor.SourceGenerators.RazorSourceGenerator/Views_Inward_InwardFinanicalWFDetailsPMADIS_cshtml.g.cs(38,122): error CS0246: The type or namespace name 'InwardFinancialWFDetailsPMADISViewModel' could not be found (are you missing a using directive or an assembly reference?) [/home/ubuntu/SAFA_ECC_Core_Clean/SAFA_ECC_Core.csproj]
/home/ubuntu/SAFA_ECC_Core_Clean/obj/Debug/net8.0/Microsoft.CodeAnalysis.Razor.Compiler/Microsoft.NET.Sdk.Razor.SourceGenerators.RazorSourceGenerator/Views_Inward_Reject_CHQ_cshtml.g.cs(38,102): error CS0246: The type or namespace name 'RejectChequeViewModel' could not be found (are you missing a using directive or an assembly reference?) [/home/ubuntu/SAFA_ECC_Core_Clean/SAFA_ECC_Core.csproj]
/home/ubuntu/SAFA_ECC_Core_Clean/obj/Debug/net8.0/Microsoft.CodeAnalysis.Razor.Compiler/Microsoft.NET.Sdk.Razor.SourceGenerators.RazorSourceGenerator/Views_Inward_InwardFinanicalWFDetailsPMADIS_cshtml.g.cs(295,71): error CS0246: The type or namespace name 'InwardFinancialWFDetailsPMADISViewModel' could not be found (are you missing a using directive or an assembly reference?) [/home/ubuntu/SAFA_ECC_Core_Clean/SAFA_ECC_Core.csproj]
/home/ubuntu/SAFA_ECC_Core_Clean/obj/Debug/net8.0/Microsoft.CodeAnalysis.Razor.Compiler/Microsoft.NET.Sdk.Razor.SourceGenerators.RazorSourceGenerator/Views_Inward_Reject_CHQ_cshtml.g.cs(553,71): error CS0246: The type or namespace name 'RejectChequeViewModel' could not be found (are you missing a using directive or an assembly reference?) [/home/ubuntu/SAFA_ECC_Core_Clean/SAFA_ECC_Core.csproj]
    2 Warning(s)
    121 Error(s)

Time Elapsed 00:00:03.54
